Component: ARM Compiler 5.06 update 7 (build 960) Tool: armlink [4d3601]

==============================================================================

Section Cross References

    main.o(i.main) refers to board.o(i.board__lowlevel_init) for board__lowlevel_init
    main.o(i.main) refers to board.o(i.board_init) for board_init
    main.o(i.main) refers to welcome_page.o(i.welcome_page_display) for welcome_page_display
    main.o(i.main) refers to wifi.o(i.wifi_init) for wifi_init
    main.o(i.main) refers to wifi_page.o(i.wifi_page_display) for wifi_page_display
    main.o(i.main) refers to wifi.o(i.wifi_wait_connect) for wifi_wait_connect
    main.o(i.main) refers to main_page.o(i.main_page_display) for main_page_display
    main.o(i.main) refers to mloop.o(i.main_loop) for main_loop
    mloop.o(i.cpu_periodic_callback) refers to mloop.o(.data) for time_sync_delay
    mloop.o(i.inner_update) refers to main_page.o(i.main_page_redraw_inner_temperature) for main_page_redraw_inner_temperature
    mloop.o(i.inner_update) refers to main_page.o(i.main_page_redraw_inner_humidity) for main_page_redraw_inner_humidity
    mloop.o(i.inner_update) refers to mloop.o(.data) for inner_update_delay
    mloop.o(i.inner_update_dht11) refers to dht11.o(i.DHT11_REC_Data) for DHT11_REC_Data
    mloop.o(i.inner_update_dht11) refers to main_page.o(i.main_page_redraw_inner_temperature) for main_page_redraw_inner_temperature
    mloop.o(i.inner_update_dht11) refers to main_page.o(i.main_page_redraw_inner_humidity) for main_page_redraw_inner_humidity
    mloop.o(i.inner_update_dht11) refers to mloop.o(.data) for inner_update_delay
    mloop.o(i.main_loop) refers to mloop.o(i.time_sync) for time_sync
    mloop.o(i.main_loop) refers to mloop.o(i.wifi_update) for wifi_update
    mloop.o(i.main_loop) refers to mloop.o(i.time_update) for time_update
    mloop.o(i.main_loop) refers to mloop.o(i.inner_update_dht11) for inner_update_dht11
    mloop.o(i.main_loop) refers to mloop.o(i.outdoor_update) for outdoor_update
    mloop.o(i.main_loop_init) refers to cpu_tick.o(i.cpu_register_periodic_callback) for cpu_register_periodic_callback
    mloop.o(i.main_loop_init) refers to mloop.o(i.cpu_periodic_callback) for cpu_periodic_callback
    mloop.o(i.outdoor_update) refers to memseta.o(.text) for __aeabi_memclr4
    mloop.o(i.outdoor_update) refers to esp_at.o(i.esp_at_http_get) for esp_at_http_get
    mloop.o(i.outdoor_update) refers to printfa.o(i.__0printf) for __2printf
    mloop.o(i.outdoor_update) refers to weather.o(i.parse_seniverse_response) for parse_seniverse_response
    mloop.o(i.outdoor_update) refers to memcmp.o(.text) for memcmp
    mloop.o(i.outdoor_update) refers to memcpya.o(.text) for __aeabi_memcpy4
    mloop.o(i.outdoor_update) refers to f2d.o(.text) for __aeabi_f2d
    mloop.o(i.outdoor_update) refers to main_page.o(i.main_page_redraw_outdoor_temperature) for main_page_redraw_outdoor_temperature
    mloop.o(i.outdoor_update) refers to main_page.o(i.main_page_redraw_outdoor_weather_icon) for main_page_redraw_outdoor_weather_icon
    mloop.o(i.outdoor_update) refers to mloop.o(.data) for outdoor_update_delay
    mloop.o(i.outdoor_update) refers to mloop.o(.conststring) for .conststring
    mloop.o(i.outdoor_update) refers to mloop.o(.bss) for last_weather
    mloop.o(i.time_sync) refers to esp_at.o(i.esp_at_sntp_get_time) for esp_at_sntp_get_time
    mloop.o(i.time_sync) refers to printfa.o(i.__0printf) for __2printf
    mloop.o(i.time_sync) refers to rtc.o(i.rtc_set_time) for rtc_set_time
    mloop.o(i.time_sync) refers to mloop.o(.data) for time_sync_delay
    mloop.o(i.time_update) refers to rtc.o(i.rtc_get_time) for rtc_get_time
    mloop.o(i.time_update) refers to memcmp.o(.text) for memcmp
    mloop.o(i.time_update) refers to main_page.o(i.main_page_redraw_date) for main_page_redraw_date
    mloop.o(i.time_update) refers to main_page.o(i.main_page_redraw_time) for main_page_redraw_time
    mloop.o(i.time_update) refers to mloop.o(.data) for time_update_delay
    mloop.o(i.wifi_update) refers to memseta.o(.text) for __aeabi_memclr4
    mloop.o(i.wifi_update) refers to esp_at.o(i.esp_at_get_wifi_info) for esp_at_get_wifi_info
    mloop.o(i.wifi_update) refers to printfa.o(i.__0printf) for __2printf
    mloop.o(i.wifi_update) refers to memcmp.o(.text) for memcmp
    mloop.o(i.wifi_update) refers to main_page.o(i.main_page_redraw_wifi_ssid) for main_page_redraw_wifi_ssid
    mloop.o(i.wifi_update) refers to memcpya.o(.text) for __aeabi_memcpy4
    mloop.o(i.wifi_update) refers to mloop.o(.data) for wifi_update_delay
    mloop.o(i.wifi_update) refers to mloop.o(.bss) for last_info
    weather.o(i.parse_seniverse_response) refers to _scanf_str.o(.text) for _scanf_string
    weather.o(i.parse_seniverse_response) refers to _scanf_int.o(.text) for _scanf_int
    weather.o(i.parse_seniverse_response) refers to strstr.o(.text) for strstr
    weather.o(i.parse_seniverse_response) refers to __0sscanf.o(.text) for __0sscanf
[...]
    i.error_page_display                     0x08002cfc   Section        0  error_page.o(i.error_page_display)
    i.esp_at_connect_wifi                    0x08002d64   Section        0  esp_at.o(i.esp_at_connect_wifi)
    i.esp_at_get_response                    0x08002dc8   Section        0  esp_at.o(i.esp_at_get_response)
    i.esp_at_get_wifi_info                   0x08002dd0   Section        0  esp_at.o(i.esp_at_get_wifi_info)
    i.esp_at_http_get                        0x08002e40   Section        0  esp_at.o(i.esp_at_http_get)
    i.esp_at_init                            0x08002e8c   Section        0  esp_at.o(i.esp_at_init)
    i.esp_at_sntp_get_time                   0x08002ee4   Section        0  esp_at.o(i.esp_at_sntp_get_time)
    i.esp_at_sntp_init                       0x08002f20   Section        0  esp_at.o(i.esp_at_sntp_init)
    i.esp_at_usart_init                      0x08002f4c   Section        0  esp_at.o(i.esp_at_usart_init)
    i.esp_at_usart_wait_receive              0x08002fec   Section        0  esp_at.o(i.esp_at_usart_wait_receive)
    esp_at_usart_wait_receive                0x08002fed   Thumb Code   134  esp_at.o(i.esp_at_usart_wait_receive)
    i.esp_at_usart_write                     0x0800307c   Section        0  esp_at.o(i.esp_at_usart_write)
    esp_at_usart_write                       0x0800307d   Thumb Code    84  esp_at.o(i.esp_at_usart_write)
    i.esp_at_wait_ready                      0x080030d4   Section        0  esp_at.o(i.esp_at_wait_ready)
    i.esp_at_wifi_init                       0x080030f0   Section        0  esp_at.o(i.esp_at_wifi_init)
    i.esp_at_write_command                   0x0800310c   Section        0  esp_at.o(i.esp_at_write_command)
    i.fputc                                  0x08003138   Section        0  board.o(i.fputc)
    i.in_screen_range                        0x08003164   Section        0  st7789.o(i.in_screen_range)
    in_screen_range                          0x08003165   Thumb Code    48  st7789.o(i.in_screen_range)
    i.inner_update_dht11                     0x08003194   Section        0  mloop.o(i.inner_update_dht11)
    inner_update_dht11                       0x08003195   Thumb Code   124  mloop.o(i.inner_update_dht11)
    i.is_gb2312                              0x08003220   Section        0  st7789.o(i.is_gb2312)
    is_gb2312                                0x08003221   Thumb Code    18  st7789.o(i.is_gb2312)
    i.main                                   0x08003232   Section        0  main.o(i.main)
    i.main_loop                              0x08003256   Section        0  mloop.o(i.main_loop)
    i.main_loop_init                         0x08003270   Section        0  mloop.o(i.main_loop_init)
    i.main_page_display                      0x08003280   Section        0  main_page.o(i.main_page_display)
    i.main_page_redraw_date                  0x08003428   Section        0  main_page.o(i.main_page_redraw_date)
    i.main_page_redraw_inner_humidity        0x080034ec   Section        0  main_page.o(i.main_page_redraw_inner_humidity)
    i.main_page_redraw_inner_temperature     0x08003564   Section        0  main_page.o(i.main_page_redraw_inner_temperature)
    i.main_page_redraw_outdoor_temperature   0x080035e0   Section        0  main_page.o(i.main_page_redraw_outdoor_temperature)
    i.main_page_redraw_outdoor_weather_icon  0x0800365c   Section        0  main_page.o(i.main_page_redraw_outdoor_weather_icon)
    i.main_page_redraw_time                  0x08003714   Section        0  main_page.o(i.main_page_redraw_time)
    i.main_page_redraw_wifi_ssid             0x080037b0   Section        0  main_page.o(i.main_page_redraw_wifi_ssid)
    i.match_internal_ack                     0x080037ec   Section        0  esp_at.o(i.match_internal_ack)
    match_internal_ack                       0x080037ed   Thumb Code    44  esp_at.o(i.match_internal_ack)
    i.month_str_to_num                       0x0800381c   Section        0  real_time.o(i.month_str_to_num)
    month_str_to_num                         0x0800381d   Thumb Code    54  real_time.o(i.month_str_to_num)
    i.outdoor_update                         0x08003858   Section        0  mloop.o(i.outdoor_update)
    outdoor_update                           0x08003859   Thumb Code   152  mloop.o(i.outdoor_update)
    i.parse_cipsntptime_response             0x08003944   Section        0  real_time.o(i.parse_cipsntptime_response)
    i.parse_cwstate_response                 0x080039dc   Section        0  esp_at.o(i.parse_cwstate_response)
    i.parse_seniverse_response               0x08003a44   Section        0  weather.o(i.parse_seniverse_response)
    i.parse_swjap_response                   0x08003c04   Section        0  esp_at.o(i.parse_swjap_response)
    i.rtc_get_time                           0x08003c6c   Section        0  rtc.o(i.rtc_get_time)
    i.rtc_get_time_single                    0x08003c96   Section        0  rtc.o(i.rtc_get_time_single)
    i.rtc_init                               0x08003ce6   Section        0  rtc.o(i.rtc_init)
    i.rtc_set_time                           0x08003d28   Section        0  rtc.o(i.rtc_set_time)
    i.rtc_set_time_single                    0x08003d52   Section        0  rtc.o(i.rtc_set_time_single)
    i.st7789_draw_font                       0x08003da4   Section        0  st7789.o(i.st7789_draw_font)
    st7789_draw_font                         0x08003da5   Thumb Code   330  st7789.o(i.st7789_draw_font)
    i.st7789_fill_color                      0x08003ef8   Section        0  st7789.o(i.st7789_fill_color)
    i.st7789_init                            0x08003fc0   Section        0  st7789.o(i.st7789_init)
    i.st7789_init_display                    0x080040c0   Section        0  st7789.o(i.st7789_init_display)
    i.st7789_reset                           0x08004278   Section        0  st7789.o(i.st7789_reset)
    i.st7789_set_backlight                   0x080042a0   Section        0  st7789.o(i.st7789_set_backlight)
    i.st7789_set_range_and_prepare_gram      0x080042b8   Section        0  st7789.o(i.st7789_set_range_and_prepare_gram)
    st7789_set_range_and_prepare_gram        0x080042b9   Thumb Code    94  st7789.o(i.st7789_set_range_and_prepare_gram)
    i.st7789_write_ascii                     0x08004316   Section        0  st7789.o(i.st7789_write_ascii)
    i.st7789_write_chinese                   0x08004380   Section        0  st7789.o(i.st7789_write_chinese)
    i.st7789_write_image                     0x08004408   Section        0  st7789.o(i.st7789_write_image)
    i.st7789_write_register                  0x080044e0   Section        0  st7789.o(i.st7789_write_register)
    i.st7789_write_string                    0x08004590   Section        0  st7789.o(i.st7789_write_string)
    i.time_sync                              0x08004614   Section        0  mloop.o(i.time_sync)
    time_sync                                0x08004615   Thumb Code   196  mloop.o(i.time_sync)
    i.time_update                            0x08004754   Section        0  mloop.o(i.time_update)
    time_update                              0x08004755   Thumb Code    84  mloop.o(i.time_update)
    i.usart1_clear_rx_buffer                 0x080047b0   Section        0  esp_at.o(i.usart1_clear_rx_buffer)
    i.weekday_str_to_num                     0x080047cc   Section        0  real_time.o(i.weekday_str_to_num)
    weekday_str_to_num                       0x080047cd   Thumb Code    52  real_time.o(i.weekday_str_to_num)
    i.welcome_page_display                   0x08004804   Section        0  welcome_page.o(i.welcome_page_display)
    i.wifi_init                              0x08004898   Section        0  wifi.o(i.wifi_init)
    i.wifi_is_connected                      0x0800498c   Section        0  esp_at.o(i.wifi_is_connected)
    i.wifi_page_display                      0x080049a4   Section        0  wifi_page.o(i.wifi_page_display)
    i.wifi_update                            0x08004a54   Section        0  mloop.o(i.wifi_update)
    wifi_update                              0x08004a55   Thumb Code   142  mloop.o(i.wifi_update)
    i.wifi_wait_connect                      0x08004b80   Section        0  wifi.o(i.wifi_wait_connect)
    .constdata                               0x08004d04   Section       76  real_time.o(.constdata)
    .constdata                               0x08004d50   Section     1536  font16_mapple.o(.constdata)
    ascii_model1                             0x08004d50   Data        1520  font16_mapple.o(.constdata)
    .constdata                               0x08005350   Section     5592  font20_mapple_bold.o(.constdata)
    <Data1>                                  0x08005350   Data          60  font20_mapple_bold.o(.constdata)
    <Data2>                                  0x0800538c   Data          60  font20_mapple_bold.o(.constdata)
    <Data3>                                  0x080053c8   Data          60  font20_mapple_bold.o(.constdata)
    <Data4>                                  0x08005404   Data          60  font20_mapple_bold.o(.constdata)
    <Data5>                                  0x08005440   Data          60  font20_mapple_bold.o(.constdata)
    <Data6>                                  0x0800547c   Data          60  font20_mapple_bold.o(.constdata)
    <Data7>                                  0x080054b8   Data          60  font20_mapple_bold.o(.constdata)
    <Data8>                                  0x080054f4   Data          60  font20_mapple_bold.o(.constdata)
    <Data9>                                  0x08005530   Data          60  font20_mapple_bold.o(.constdata)
    <Data10>                                 0x0800556c   Data          60  font20_mapple_bold.o(.constdata)
    <Data11>                                 0x080055a8   Data          60  font20_mapple_bold.o(.constdata)
    <Data12>                                 0x080055e4   Data          60  font20_mapple_bold.o(.constdata)
    <Data13>                                 0x08005620   Data          60  font20_mapple_bold.o(.constdata)
    <Data14>                                 0x0800565c   Data          60  font20_mapple_bold.o(.constdata)
    <Data15>                                 0x08005698   Data          60  font20_mapple_bold.o(.constdata)
    <Data16>                                 0x080056d4   Data          60  font20_mapple_bold.o(.constdata)
    <Data17>                                 0x08005710   Data          60  font20_mapple_bold.o(.constdata)
    <Data18>                                 0x0800574c   Data          60  font20_mapple_bold.o(.constdata)
    <Data19>                                 0x08005788   Data          60  font20_mapple_bold.o(.constdata)
    <Data20>                                 0x080057c4   Data          60  font20_mapple_bold.o(.constdata)
    <Data21>                                 0x08005800   Data          60  font20_mapple_bold.o(.constdata)
    <Data22>                                 0x0800583c   Data          60  font20_mapple_bold.o(.constdata)
    <Data23>                                 0x08005878   Data          60  font20_mapple_bold.o(.constdata)
    <Data24>                                 0x080058b4   Data          60  font20_mapple_bold.o(.constdata)
    <Data25>                                 0x080058f0   Data          60  font20_mapple_bold.o(.constdata)
    <Data26>                                 0x0800592c   Data          60  font20_mapple_bold.o(.constdata)
    ascii_model1                             0x08005968   Data        3800  font20_mapple_bold.o(.constdata)
    chinese_model                            0x08006840   Data         216  font20_mapple_bold.o(.constdata)
    .constdata                               0x08006928   Section     4824  font24_mapple_bold.o(.constdata)
    <Data1>                                  0x08006928   Data          72  font24_mapple_bold.o(.constdata)
    <Data2>                                  0x08006970   Data          72  font24_mapple_bold.o(.constdata)
    <Data3>                                  0x080069b8   Data          72  font24_mapple_bold.o(.constdata)
    ascii_model1                             0x08006a00   Data        4560  font24_mapple_bold.o(.constdata)
    chinese_model                            0x08007bd0   Data          32  font24_mapple_bold.o(.constdata)
    .constdata                               0x08007c00   Section     7464  font32_mapple_bold.o(.constdata)
    <Data1>                                  0x08007c00   Data         128  font32_mapple_bold.o(.constdata)
    <Data2>                                  0x08007c80   Data         128  font32_mapple_bold.o(.constdata)
    <Data3>                                  0x08007d00   Data         128  font32_mapple_bold.o(.constdata)
    <Data4>                                  0x08007d80   Data         128  font32_mapple_bold.o(.constdata)
    <Data5>                                  0x08007e00   Data         128  font32_mapple_bold.o(.constdata)
    <Data6>                                  0x08007e80   Data         128  font32_mapple_bold.o(.constdata)
    <Data7>                                  0x08007f00   Data         128  font32_mapple_bold.o(.constdata)
    <Data8>                                  0x08007f80   Data         128  font32_mapple_bold.o(.constdata)
    <Data9>                                  0x08008000   Data         128  font32_mapple_bold.o(.constdata)
    <Data10>                                 0x08008080   Data         128  font32_mapple_bold.o(.constdata)
    ascii_model1                             0x08008100   Data        6080  font32_mapple_bold.o(.constdata)
    chinese_model                            0x080098c0   Data          88  font32_mapple_bold.o(.constdata)
    .constdata                               0x08009928   Section     3040  font54_mapple_bold.o(.constdata)
    ascii_model1                             0x08009928   Data        3024  font54_mapple_bold.o(.constdata)
    .constdata                               0x0800a508   Section     4956  font76_mapple_extrabold.o(.constdata)
    ascii_model1                             0x0800a508   Data        4940  font76_mapple_extrabold.o(.constdata)
    .constdata                               0x0800b864   Section     4112  font64_mapple_extrabold.o(.constdata)
    ascii_model1                             0x0800b864   Data        4096  font64_mapple_extrabold.o(.constdata)
    .constdata                               0x0800c874   Section     5840  icon_na.o(.constdata)
    .constdata                               0x0800df44   Section    64808  img_meihua.o(.constdata)
    .constdata                               0x0801dc6c   Section    51208  img_error.o(.constdata)
    .constdata                               0x0802a474   Section    59048  img_wifi.o(.constdata)
    .constdata                               0x08038b1c   Section     5840  icon_duoyun.o(.constdata)
    .constdata                               0x0803a1ec   Section     5840  icon_leizhenyu.o(.constdata)
    .constdata                               0x0803b8bc   Section     5840  icon_qing.o(.constdata)
    .constdata                               0x0803cf8c   Section     2152  icon_wenduji.o(.constdata)
    .constdata                               0x0803d7f4   Section     1160  icon_wifi.o(.constdata)
    .constdata                               0x0803dc7c   Section     5840  icon_yintian.o(.constdata)
    .constdata                               0x0803f34c   Section     5840  icon_yueliang.o(.constdata)
    .constdata                               0x08040a1c   Section     5840  icon_zhongxue.o(.constdata)
    .constdata                               0x080420ec   Section     5840  icon_zhongyu.o(.constdata)
    .constdata                               0x080437bc   Section       36  main_page.o(.constdata)
    .constdata                               0x080437e0   Section       32  esp_at.o(.constdata)
    at_ack_matches                           0x080437e0   Data          32  esp_at.o(.constdata)
    .constdata                               0x08043800   Section       64  ctype_c.o(.constdata)
    .conststring                             0x08043840   Section      104  mloop.o(.conststring)
    .conststring                             0x080438a8   Section       76  real_time.o(.conststring)
    .conststring                             0x080438f4   Section       95  font20_mapple_bold.o(.conststring)
    .conststring                             0x08043954   Section       11  font24_mapple_bold.o(.conststring)
    .conststring                             0x08043960   Section       39  font32_mapple_bold.o(.conststring)
    .conststring                             0x08043988   Section       15  font54_mapple_bold.o(.conststring)
    .conststring                             0x08043998   Section       14  font76_mapple_extrabold.o(.conststring)
    .conststring                             0x080439a8   Section       17  font64_mapple_extrabold.o(.conststring)
    .conststring                             0x080439bc   Section        5  wifi_page.o(.conststring)
    .conststring                             0x080439c4   Section       35  esp_at.o(.conststring)
    .data                                    0x20000000   Section       36  mloop.o(.data)
    time_sync_delay                          0x20000000   Data           4  mloop.o(.data)
    wifi_update_delay                        0x20000004   Data           4  mloop.o(.data)
    time_update_delay                        0x20000008   Data           4  mloop.o(.data)
    inner_update_delay                       0x2000000c   Data           4  mloop.o(.data)
    outdoor_update_delay                     0x20000010   Data           4  mloop.o(.data)
    last_date                                0x20000014   Data           8  mloop.o(.data)
    last_temperature                         0x2000001c   Data           4  mloop.o(.data)
    last_humidity                            0x20000020   Data           4  mloop.o(.data)
    .data                                    0x20000024   Section        4  wifi_page.o(.data)
    ssid                                     0x20000024   Data           4  wifi_page.o(.data)
    .data                                    0x20000028   Section       12  cpu_tick.o(.data)
    periodic_callback                        0x20000030   Data           4  cpu_tick.o(.data)
    .data                                    0x20000034   Section        4  console.o(.data)
    .data                                    0x20000038   Section       20  system_stm32f4xx.o(.data)
    .data                                    0x2000004c   Section       16  stm32f4xx_rcc.o(.data)
    APBAHBPrescTable                         0x2000004c   Data          16  stm32f4xx_rcc.o(.data)
    .data                                    0x2000005c   Section        4  stdout.o(.data)
    .data                                    0x20000060   Section        4  errno.o(.data)
    _errno                                   0x20000060   Data           4  errno.o(.data)
    .bss                                     0x20000064   Section      184  mloop.o(.bss)
    last_info                                0x20000064   Data          96  mloop.o(.bss)
    last_weather                             0x200000c4   Data          88  mloop.o(.bss)
    .bss                                     0x2000011c   Section     1024  esp_at.o(.bss)
    arr                                      0x2000011c   Data        1024  esp_at.o(.bss)
    .bss                                     0x2000051c   Section       16  dht11.o(.bss)
    STACK                                    0x20000530   Section     1024  startup_stm32f40_41xxx.o(STACK)

    Global Symbols

    Symbol Name                              Value     Ov Type        Size  Object(Section)

    BuildAttributes$$THM_ISAv4$E$P$D$K$B$S$7EM$VFPi3$EXTD16$VFPS$VFMA$PE$A:L22UL41UL21$X:L11$S22US41US21$IEEE1$IW$USESV6$~STKCKD$USESV7$~SHL$OTIME$ROPI$IEEEJ$EBA8$MICROLIB$REQ8$PRES8$EABIv2 0x00000000   Number         0  anon$$obj.o ABSOLUTE
    __ARM_use_no_argv                        0x00000000   Number         0  main.o ABSOLUTE
    _printf_a                                0x00000000   Number         0  stubs.o ABSOLUTE
    _printf_c                                0x00000000   Number         0  stubs.o ABSOLUTE
    _printf_charcount                        0x00000000   Number         0  stubs.o ABSOLUTE
    _printf_d                                0x00000000   Number         0  stubs.o ABSOLUTE
    _printf_e                                0x00000000   Number         0  stubs.o ABSOLUTE
    _printf_f                                0x00000000   Number         0  stubs.o ABSOLUTE
    _printf_flags                            0x00000000   Number         0  stubs.o ABSOLUTE
    _printf_fp_dec                           0x00000000   Number         0  stubs.o ABSOLUTE
    _printf_fp_hex                           0x00000000   Number         0  stubs.o ABSOLUTE
    _printf_g                                0x00000000   Number         0  stubs.o ABSOLUTE
    _printf_i                                0x00000000   Number         0  stubs.o ABSOLUTE
    _printf_int_dec                          0x00000000   Number         0  stubs.o ABSOLUTE
    _printf_l                                0x00000000   Number         0  stubs.o ABSOLUTE
    _printf_lc                               0x00000000   Number         0  stubs.o ABSOLUTE
    _printf_ll                               0x00000000   Number         0  stubs.o ABSOLUTE
    _printf_lld                              0x00000000   Number         0  stubs.o ABSOLUTE
    _printf_lli                              0x00000000   Number         0  stubs.o ABSOLUTE
    _printf_llo                              0x00000000   Number         0  stubs.o ABSOLUTE
    _printf_llu                              0x00000000   Number         0  stubs.o ABSOLUTE
    _printf_llx                              0x00000000   Number         0  stubs.o ABSOLUTE
    _printf_longlong_dec                     0x00000000   Number         0  stubs.o ABSOLUTE
    _printf_longlong_hex                     0x00000000   Number         0  stubs.o ABSOLUTE
    _printf_longlong_oct                     0x00000000   Number         0  stubs.o ABSOLUTE
    _printf_ls                               0x00000000   Number         0  stubs.o ABSOLUTE
    _printf_mbtowc                           0x00000000   Number         0  stubs.o ABSOLUTE
    _printf_n                                0x00000000   Number         0  stubs.o ABSOLUTE
    _printf_o                                0x00000000   Number         0  stubs.o ABSOLUTE
    _printf_p                                0x00000000   Number         0  stubs.o ABSOLUTE
    _printf_percent                          0x00000000   Number         0  stubs.o ABSOLUTE
    _printf_pre_padding                      0x00000000   Number         0  stubs.o ABSOLUTE
    _printf_return_value                     0x00000000   Number         0  stubs.o ABSOLUTE
    _printf_s                                0x00000000   Number         0  stubs.o ABSOLUTE
    _printf_sizespec                         0x00000000   Number         0  stubs.o ABSOLUTE
    _printf_str                              0x00000000   Number         0  stubs.o ABSOLUTE
    _printf_truncate_signed                  0x00000000   Number         0  stubs.o ABSOLUTE
    _printf_truncate_unsigned                0x00000000   Number         0  stubs.o ABSOLUTE
    _printf_u                                0x00000000   Number         0  stubs.o ABSOLUTE
    _printf_wc                               0x00000000   Number         0  stubs.o ABSOLUTE
    _printf_wctomb                           0x00000000   Number         0  stubs.o ABSOLUTE
    _printf_widthprec                        0x00000000   Number         0  stubs.o ABSOLUTE
    _printf_x                                0x00000000   Number         0  stubs.o ABSOLUTE
    __arm_fini_                               - Undefined Weak Reference
    __cpp_initialize__aeabi_                  - Undefined Weak Reference
    __cxa_finalize                            - Undefined Weak Reference
    __decompress                              - Undefined Weak Reference
    _clock_init                               - Undefined Weak Reference
    _microlib_exit                            - Undefined Weak Reference
    _scanf_longlong                           - Undefined Weak Reference
    __Vectors_Size                           0x00000188   Number         0  startup_stm32f40_41xxx.o ABSOLUTE
    __Vectors                                0x08000000   Data           4  startup_stm32f40_41xxx.o(RESET)
    __Vectors_End                            0x08000188   Data           0  startup_stm32f40_41xxx.o(RESET)
    __main                                   0x08000189   Thumb Code     0  entry.o(.ARM.Collect$$$$00000000)
    _main_stk                                0x08000189   Thumb Code     0  entry2.o(.ARM.Collect$$$$00000001)
    _main_scatterload                        0x0800018d   Thumb Code     0  entry5.o(.ARM.Collect$$$$00000004)
    __main_after_scatterload                 0x08000191   Thumb Code     0  entry5.o(.ARM.Collect$$$$00000004)
    _main_clock                              0x08000191   Thumb Code     0  entry7b.o(.ARM.Collect$$$$00000008)
    _main_cpp_init                           0x08000191   Thumb Code     0  entry8b.o(.ARM.Collect$$$$0000000A)
    _main_init                               0x08000191   Thumb Code     0  entry9a.o(.ARM.Collect$$$$0000000B)
    __rt_lib_shutdown_fini                   0x08000199   Thumb Code     0  entry12b.o(.ARM.Collect$$$$0000000E)
    __rt_final_cpp                           0x0800019d   Thumb Code     0  entry10a.o(.ARM.Collect$$$$0000000F)
    __rt_final_exit                          0x0800019d   Thumb Code     0  entry11a.o(.ARM.Collect$$$$00000011)
    Reset_Handler                            0x080001a1   Thumb Code     8  startup_stm32f40_41xxx.o(.text)
    NMI_Handler                              0x080001a9   Thumb Code     2  startup_stm32f40_41xxx.o(.text)
    HardFault_Handler                        0x080001ab   Thumb Code     2  startup_stm32f40_41xxx.o(.text)
    MemManage_Handler                        0x080001ad   Thumb Code     2  startup_stm32f40_41xxx.o(.text)
    BusFault_Handler                         0x080001af   Thumb Code     2  startup_stm32f40_41xxx.o(.text)
    UsageFault_Handler                       0x080001b1   Thumb Code     2  startup_stm32f40_41xxx.o(.text)
    SVC_Handler                              0x080001b3   Thumb Code     2  startup_stm32f40_41xxx.o(.text)
    DebugMon_Handler                         0x080001b5   Thumb Code     2  startup_stm32f40_41xxx.o(.text)
    PendSV_Handler                           0x080001b7   Thumb Code     2  startup_stm32f40_41xxx.o(.text)
    ADC_IRQHandler                           0x080001bb   Thumb Code     0  startup_stm32f40_41xxx.o(.text)
    CAN1_RX0_IRQHandler                      0x080001bb   Thumb Code     0  startup_stm32f40_41xxx.o(.text)
    CAN1_RX1_IRQHandler                      0x080001bb   Thumb Code     0  startup_stm32f40_41xxx.o(.text)
    CAN1_SCE_IRQHandler                      0x080001bb   Thumb Code     0  startup_stm32f40_41xxx.o(.text)
    CAN1_TX_IRQHandler                       0x080001bb   Thumb Code     0  startup_stm32f40_41xxx.o(.text)
    CAN2_RX0_IRQHandler                      0x080001bb   Thumb Code     0  startup_stm32f40_41xxx.o(.text)
    CAN2_RX1_IRQHandler                      0x080001bb   Thumb Code     0  startup_stm32f40_41xxx.o(.text)
    CAN2_SCE_IRQHandler                      0x080001bb   Thumb Code     0  startup_stm32f40_41xxx.o(.text)
    CAN2_TX_IRQHandler                       0x080001bb   Thumb Code     0  startup_stm32f40_41xxx.o(.text)
    CRYP_IRQHandler                          0x080001bb   Thumb Code     0  startup_stm32f40_41xxx.o(.text)
    DCMI_IRQHandler                          0x080001bb   Thumb Code     0  startup_stm32f40_41xxx.o(.text)
    DMA1_Stream0_IRQHandler                  0x080001bb   Thumb Code     0  startup_stm32f40_41xxx.o(.text)
    DMA1_Stream1_IRQHandler                  0x080001bb   Thumb Code     0  startup_stm32f40_41xxx.o(.text)
    DMA1_Stream2_IRQHandler                  0x080001bb   Thumb Code     0  startup_stm32f40_41xxx.o(.text)
    DMA1_Stream3_IRQHandler                  0x080001bb   Thumb Code     0  startup_stm32f40_41xxx.o(.text)
    DMA1_Stream4_IRQHandler                  0x080001bb   Thumb Code     0  startup_stm32f40_41xxx.o(.text)
    DMA1_Stream5_IRQHandler                  0x080001bb   Thumb Code     0  startup_stm32f40_41xxx.o(.text)
    DMA1_Stream6_IRQHandler                  0x080001bb   Thumb Code     0  startup_stm32f40_41xxx.o(.text)
    DMA1_Stream7_IRQHandler                  0x080001bb   Thumb Code     0  startup_stm32f40_41xxx.o(.text)
    DMA2_Stream0_IRQHandler                  0x080001bb   Thumb Code     0  startup_stm32f40_41xxx.o(.text)
    DMA2_Stream1_IRQHandler                  0x080001bb   Thumb Code     0  startup_stm32f40_41xxx.o(.text)
    DMA2_Stream2_IRQHandler                  0x080001bb   Thumb Code     0  startup_stm32f40_41xxx.o(.text)
    DMA2_Stream3_IRQHandler                  0x080001bb   Thumb Code     0  startup_stm32f40_41xxx.o(.text)
    DMA2_Stream4_IRQHandler                  0x080001bb   Thumb Code     0  startup_stm32f40_41xxx.o(.text)
    DMA2_Stream5_IRQHandler                  0x080001bb   Thumb Code     0  startup_stm32f40_41xxx.o(.text)
    DMA2_Stream6_IRQHandler                  0x080001bb   Thumb Code     0  startup_stm32f40_41xxx.o(.text)
    DMA2_Stream7_IRQHandler                  0x080001bb   Thumb Code     0  startup_stm32f40_41xxx.o(.text)
    ETH_IRQHandler                           0x080001bb   Thumb Code     0  startup_stm32f40_41xxx.o(.text)
    ETH_WKUP_IRQHandler                      0x080001bb   Thumb Code     0  startup_stm32f40_41xxx.o(.text)
    EXTI0_IRQHandler                         0x080001bb   Thumb Code     0  startup_stm32f40_41xxx.o(.text)
    EXTI15_10_IRQHandler                     0x080001bb   Thumb Code     0  startup_stm32f40_41xxx.o(.text)
    EXTI1_IRQHandler                         0x080001bb   Thumb Code     0  startup_stm32f40_41xxx.o(.text)
    EXTI2_IRQHandler                         0x080001bb   Thumb Code     0  startup_stm32f40_41xxx.o(.text)
    EXTI3_IRQHandler                         0x080001bb   Thumb Code     0  startup_stm32f40_41xxx.o(.text)
    EXTI4_IRQHandler                         0x080001bb   Thumb Code     0  startup_stm32f40_41xxx.o(.text)
    EXTI9_5_IRQHandler                       0x080001bb   Thumb Code     0  startup_stm32f40_41xxx.o(.text)
    FLASH_IRQHandler                         0x080001bb   Thumb Code     0  startup_stm32f40_41xxx.o(.text)
    FPU_IRQHandler                           0x080001bb   Thumb Code     0  startup_stm32f40_41xxx.o(.text)
    FSMC_IRQHandler                          0x080001bb   Thumb Code     0  startup_stm32f40_41xxx.o(.text)
    HASH_RNG_IRQHandler                      0x080001bb   Thumb Code     0  startup_stm32f40_41xxx.o(.text)
    I2C1_ER_IRQHandler                       0x080001bb   Thumb Code     0  startup_stm32f40_41xxx.o(.text)
    I2C1_EV_IRQHandler                       0x080001bb   Thumb Code     0  startup_stm32f40_41xxx.o(.text)
    I2C2_ER_IRQHandler                       0x080001bb   Thumb Code     0  startup_stm32f40_41xxx.o(.text)
    I2C2_EV_IRQHandler                       0x080001bb   Thumb Code     0  startup_stm32f40_41xxx.o(.text)
    I2C3_ER_IRQHandler                       0x080001bb   Thumb Code     0  startup_stm32f40_41xxx.o(.text)
    I2C3_EV_IRQHandler                       0x080001bb   Thumb Code     0  startup_stm32f40_41xxx.o(.text)
    OTG_FS_IRQHandler                        0x080001bb   Thumb Code     0  startup_stm32f40_41xxx.o(.text)
    OTG_FS_WKUP_IRQHandler                   0x080001bb   Thumb Code     0  startup_stm32f40_41xxx.o(.text)
    OTG_HS_EP1_IN_IRQHandler                 0x080001bb   Thumb Code     0  startup_stm32f40_41xxx.o(.text)
    OTG_HS_EP1_OUT_IRQHandler                0x080001bb   Thumb Code     0  startup_stm32f40_41xxx.o(.text)
    OTG_HS_IRQHandler                        0x080001bb   Thumb Code     0  startup_stm32f40_41xxx.o(.text)
    OTG_HS_WKUP_IRQHandler                   0x080001bb   Thumb Code     0  startup_stm32f40_41xxx.o(.text)
    PVD_IRQHandler                           0x080001bb   Thumb Code     0  startup_stm32f40_41xxx.o(.text)
    RCC_IRQHandler                           0x080001bb   Thumb Code     0  startup_stm32f40_41xxx.o(.text)
    RTC_Alarm_IRQHandler                     0x080001bb   Thumb Code     0  startup_stm32f40_41xxx.o(.text)
    RTC_WKUP_IRQHandler                      0x080001bb   Thumb Code     0  startup_stm32f40_41xxx.o(.text)
    SDIO_IRQHandler                          0x080001bb   Thumb Code     0  startup_stm32f40_41xxx.o(.text)
    SPI1_IRQHandler                          0x080001bb   Thumb Code     0  startup_stm32f40_41xxx.o(.text)
    SPI2_IRQHandler                          0x080001bb   Thumb Code     0  startup_stm32f40_41xxx.o(.text)
    SPI3_IRQHandler                          0x080001bb   Thumb Code     0  startup_stm32f40_41xxx.o(.text)
    TAMP_STAMP_IRQHandler                    0x080001bb   Thumb Code     0  startup_stm32f40_41xxx.o(.text)
    TIM1_BRK_TIM9_IRQHandler                 0x080001bb   Thumb Code     0  startup_stm32f40_41xxx.o(.text)
    TIM1_CC_IRQHandler                       0x080001bb   Thumb Code     0  startup_stm32f40_41xxx.o(.text)
    TIM1_TRG_COM_TIM11_IRQHandler            0x080001bb   Thumb Code     0  startup_stm32f40_41xxx.o(.text)
    TIM1_UP_TIM10_IRQHandler                 0x080001bb   Thumb Code     0  startup_stm32f40_41xxx.o(.text)
    TIM2_IRQHandler                          0x080001bb   Thumb Code     0  startup_stm32f40_41xxx.o(.text)
    TIM3_IRQHandler                          0x080001bb   Thumb Code     0  startup_stm32f40_41xxx.o(.text)
    TIM4_IRQHandler                          0x080001bb   Thumb Code     0  startup_stm32f40_41xxx.o(.text)
    TIM5_IRQHandler                          0x080001bb   Thumb Code     0  startup_stm32f40_41xxx.o(.text)
    TIM6_DAC_IRQHandler                      0x080001bb   Thumb Code     0  startup_stm32f40_41xxx.o(.text)
    TIM7_IRQHandler                          0x080001bb   Thumb Code     0  startup_stm32f40_41xxx.o(.text)
    TIM8_BRK_TIM12_IRQHandler                0x080001bb   Thumb Code     0  startup_stm32f40_41xxx.o(.text)
    TIM8_CC_IRQHandler                       0x080001bb   Thumb Code     0  startup_stm32f40_41xxx.o(.text)
    TIM8_TRG_COM_TIM14_IRQHandler            0x080001bb   Thumb Code     0  startup_stm32f40_41xxx.o(.text)
    TIM8_UP_TIM13_IRQHandler                 0x080001bb   Thumb Code     0  startup_stm32f40_41xxx.o(.text)
    UART4_IRQHandler                         0x080001bb   Thumb Code     0  startup_stm32f40_41xxx.o(.text)
    UART5_IRQHandler                         0x080001bb   Thumb Code     0  startup_stm32f40_41xxx.o(.text)
    USART1_IRQHandler                        0x080001bb   Thumb Code     0  startup_stm32f40_41xxx.o(.text)
    USART3_IRQHandler                        0x080001bb   Thumb Code     0  startup_stm32f40_41xxx.o(.text)
    USART6_IRQHandler                        0x080001bb   Thumb Code     0  startup_stm32f40_41xxx.o(.text)
    WWDG_IRQHandler                          0x080001bb   Thumb Code     0  startup_stm32f40_41xxx.o(.text)
    __aeabi_uldivmod                         0x080001c5   Thumb Code    98  uldiv.o(.text)
    __aeabi_memcpy                           0x08000227   Thumb Code    36  memcpya.o(.text)
    __aeabi_memcpy4                          0x08000227   Thumb Code     0  memcpya.o(.text)
    __aeabi_memcpy8                          0x08000227   Thumb Code     0  memcpya.o(.text)
    __aeabi_memset                           0x0800024b   Thumb Code    14  memseta.o(.text)
    __aeabi_memset4                          0x0800024b   Thumb Code     0  memseta.o(.text)
    __aeabi_memset8                          0x0800024b   Thumb Code     0  memseta.o(.text)
    __aeabi_memclr                           0x08000259   Thumb Code     4  memseta.o(.text)
    __aeabi_memclr4                          0x08000259   Thumb Code     0  memseta.o(.text)
    __aeabi_memclr8                          0x08000259   Thumb Code     0  memseta.o(.text)
    _memset$wrapper                          0x0800025d   Thumb Code    18  memseta.o(.text)
    strstr                                   0x0800026f   Thumb Code    36  strstr.o(.text)
    strncpy                                  0x08000293   Thumb Code    24  strncpy.o(.text)
    strlen                                   0x080002ab   Thumb Code    14  strlen.o(.text)
    strcmp                                   0x080002b9   Thumb Code    28  strcmp.o(.text)
    memcmp                                   0x080002d5   Thumb Code    26  memcmp.o(.text)
    __0sscanf                                0x080002f1   Thumb Code    48  __0sscanf.o(.text)
    _scanf_int                               0x08000329   Thumb Code   332  _scanf_int.o(.text)
    _scanf_string                            0x08000475   Thumb Code   224  _scanf_str.o(.text)
    __aeabi_f2d                              0x08000555   Thumb Code    38  f2d.o(.text)
    __aeabi_d2f                              0x0800057b   Thumb Code    56  d2f.o(.text)
    __aeabi_uidiv                            0x080005b3   Thumb Code     0  uidiv.o(.text)
    __aeabi_uidivmod                         0x080005b3   Thumb Code    44  uidiv.o(.text)
    __aeabi_llsl                             0x080005df   Thumb Code    30  llshl.o(.text)
    _ll_shift_l                              0x080005df   Thumb Code     0  llshl.o(.text)
    __aeabi_llsr                             0x080005fd   Thumb Code    32  llushr.o(.text)
    _ll_ushift_r                             0x080005fd   Thumb Code     0  llushr.o(.text)
    _chval                                   0x0800061d   Thumb Code    28  _chval.o(.text)
    __vfscanf_char                           0x08000645   Thumb Code    20  scanf_char.o(.text)
    _sgetc                                   0x08000661   Thumb Code    30  _sgetc.o(.text)
    _sbackspace                              0x0800067f   Thumb Code    34  _sgetc.o(.text)
    __strtod_int                             0x080006d7   Thumb Code    90  strtod.o(.text)
    __I$use$fp                               0x0800073d   Thumb Code     0  iusefp.o(.text)
    _float_round                             0x0800073d   Thumb Code    18  fepilogue.o(.text)
    _float_epilogue                          0x0800074f   Thumb Code    92  fepilogue.o(.text)
    __aeabi_dadd                             0x080007ab   Thumb Code   322  dadd.o(.text)
    __aeabi_dsub                             0x080008ed   Thumb Code     6  dadd.o(.text)
    __aeabi_drsub                            0x080008f3   Thumb Code     6  dadd.o(.text)
    __aeabi_dmul                             0x080008f9   Thumb Code   228  dmul.o(.text)
    __aeabi_ddiv                             0x080009dd   Thumb Code   222  ddiv.o(.text)
    __aeabi_d2ulz                            0x08000abb   Thumb Code    48  dfixul.o(.text)
    __aeabi_cdrcmple                         0x08000aed   Thumb Code    48  cdrcmple.o(.text)
    __scatterload                            0x08000b1d   Thumb Code    28  init.o(.text)
    __scatterload_rt2                        0x08000b1d   Thumb Code     0  init.o(.text)
    __aeabi_lasr                             0x08000b41   Thumb Code    36  llsshr.o(.text)
    _ll_sshift_r                             0x08000b41   Thumb Code     0  llsshr.o(.text)
    isspace                                  0x08000b65   Thumb Code    10  isspace_c.o(.text)
    __vfscanf                                0x08000b71   Thumb Code   810  _scanf.o(.text)
    _scanf_real                              0x08000fc9   Thumb Code     0  scanf_fp.o(.text)
    _scanf_really_real                       0x08000fc9   Thumb Code   556  scanf_fp.o(.text)
    _double_round                            0x08001201   Thumb Code    30  depilogue.o(.text)
    _double_epilogue                         0x0800121f   Thumb Code   156  depilogue.o(.text)
    __ctype_lookup                           0x080012bd   Thumb Code    34  ctype_c.o(.text)
    __aeabi_ul2d                             0x080012e5   Thumb Code    24  dfltul.o(.text)
    DH11_GPIO_Init_IN                        0x080012fd   Thumb Code    38  dht11.o(i.DH11_GPIO_Init_IN)
    DH11_GPIO_Init_OUT                       0x08001329   Thumb Code    36  dht11.o(i.DH11_GPIO_Init_OUT)
    DHT11_REC_Data                           0x08001351   Thumb Code   224  dht11.o(i.DHT11_REC_Data)
    DHT11_Rec_Byte                           0x08001439   Thumb Code    82  dht11.o(i.DHT11_Rec_Byte)
    DHT11_Start                              0x08001491   Thumb Code    60  dht11.o(i.DHT11_Start)
    GPIO_Init                                0x080014d1   Thumb Code   144  stm32f4xx_gpio.o(i.GPIO_Init)
    GPIO_PinAFConfig                         0x08001561   Thumb Code    70  stm32f4xx_gpio.o(i.GPIO_PinAFConfig)
    GPIO_ReadInputDataBit                    0x080015a7   Thumb Code    18  stm32f4xx_gpio.o(i.GPIO_ReadInputDataBit)
    GPIO_ResetBits                           0x080015b9   Thumb Code     6  stm32f4xx_gpio.o(i.GPIO_ResetBits)
    GPIO_SetBits                             0x080015bf   Thumb Code     4  stm32f4xx_gpio.o(i.GPIO_SetBits)
    GPIO_StructInit                          0x080015c3   Thumb Code    18  stm32f4xx_gpio.o(i.GPIO_StructInit)
    GPIO_WriteBit                            0x080015d5   Thumb Code    12  stm32f4xx_gpio.o(i.GPIO_WriteBit)
    NVIC_Init                                0x080015e1   Thumb Code   106  misc.o(i.NVIC_Init)
    NVIC_PriorityGroupConfig                 0x08001659   Thumb Code    10  misc.o(i.NVIC_PriorityGroupConfig)
    PWR_BackupAccessCmd                      0x0800166d   Thumb Code     6  stm32f4xx_pwr.o(i.PWR_BackupAccessCmd)
    RCC_AHB1PeriphClockCmd                   0x08001679   Thumb Code    26  stm32f4xx_rcc.o(i.RCC_AHB1PeriphClockCmd)
    RCC_APB1PeriphClockCmd                   0x08001699   Thumb Code    26  stm32f4xx_rcc.o(i.RCC_APB1PeriphClockCmd)
    RCC_APB2PeriphClockCmd                   0x080016b9   Thumb Code    26  stm32f4xx_rcc.o(i.RCC_APB2PeriphClockCmd)
    RCC_GetClocksFreq                        0x080016d9   Thumb Code   214  stm32f4xx_rcc.o(i.RCC_GetClocksFreq)
    RCC_GetFlagStatus                        0x080017c1   Thumb Code    60  stm32f4xx_rcc.o(i.RCC_GetFlagStatus)
    RCC_LSEConfig                            0x08001801   Thumb Code    40  stm32f4xx_rcc.o(i.RCC_LSEConfig)
    RCC_RTCCLKCmd                            0x0800182d   Thumb Code     6  stm32f4xx_rcc.o(i.RCC_RTCCLKCmd)
    RCC_RTCCLKConfig                         0x08001839   Thumb Code    50  stm32f4xx_rcc.o(i.RCC_RTCCLKConfig)
    RTC_DateStructInit                       0x080018a7   Thumb Code    14  stm32f4xx_rtc.o(i.RTC_DateStructInit)
    RTC_EnterInitMode                        0x080018b5   Thumb Code    76  stm32f4xx_rtc.o(i.RTC_EnterInitMode)
    RTC_ExitInitMode                         0x08001905   Thumb Code    14  stm32f4xx_rtc.o(i.RTC_ExitInitMode)
    RTC_GetDate                              0x08001919   Thumb Code    68  stm32f4xx_rtc.o(i.RTC_GetDate)
    RTC_GetTime                              0x08001965   Thumb Code    72  stm32f4xx_rtc.o(i.RTC_GetTime)
    RTC_Init                                 0x080019b5   Thumb Code    94  stm32f4xx_rtc.o(i.RTC_Init)
    RTC_SetDate                              0x08001a19   Thumb Code   190  stm32f4xx_rtc.o(i.RTC_SetDate)
    RTC_SetTime                              0x08001ae1   Thumb Code   198  stm32f4xx_rtc.o(i.RTC_SetTime)
    RTC_StructInit                           0x08001bb1   Thumb Code    14  stm32f4xx_rtc.o(i.RTC_StructInit)
    RTC_TimeStampCmd                         0x08001bc1   Thumb Code    52  stm32f4xx_rtc.o(i.RTC_TimeStampCmd)
    RTC_TimeStructInit                       0x08001bf9   Thumb Code    12  stm32f4xx_rtc.o(i.RTC_TimeStructInit)
    RTC_WaitForSynchro                       0x08001c05   Thumb Code    92  stm32f4xx_rtc.o(i.RTC_WaitForSynchro)
    SPI_Cmd                                  0x08001c65   Thumb Code    24  stm32f4xx_spi.o(i.SPI_Cmd)
    SPI_I2S_GetFlagStatus                    0x08001c7d   Thumb Code    18  stm32f4xx_spi.o(i.SPI_I2S_GetFlagStatus)
    SPI_I2S_SendData                         0x08001c8f   Thumb Code     4  stm32f4xx_spi.o(i.SPI_I2S_SendData)
    SPI_Init                                 0x08001c93   Thumb Code    60  stm32f4xx_spi.o(i.SPI_Init)
    SPI_StructInit                           0x08001ccf   Thumb Code    24  stm32f4xx_spi.o(i.SPI_StructInit)
    SysTick_Handler                          0x08001dd5   Thumb Code    46  cpu_tick.o(i.SysTick_Handler)
    SystemInit                               0x08001e11   Thumb Code    88  system_stm32f4xx.o(i.SystemInit)
    USART2_IRQHandler                        0x08001e79   Thumb Code    56  console.o(i.USART2_IRQHandler)
    USART_ClearFlag                          0x08001eb9   Thumb Code    18  stm32f4xx_usart.o(i.USART_ClearFlag)
    USART_Cmd                                0x08001ecb   Thumb Code    24  stm32f4xx_usart.o(i.USART_Cmd)
    USART_GetFlagStatus                      0x08001ee3   Thumb Code    26  stm32f4xx_usart.o(i.USART_GetFlagStatus)
    USART_ITConfig                           0x08001efd   Thumb Code    74  stm32f4xx_usart.o(i.USART_ITConfig)
    USART_Init                               0x08001f49   Thumb Code   204  stm32f4xx_usart.o(i.USART_Init)
    USART_ReceiveData                        0x0800201d   Thumb Code    10  stm32f4xx_usart.o(i.USART_ReceiveData)
    USART_SendData                           0x08002027   Thumb Code     8  stm32f4xx_usart.o(i.USART_SendData)
    USART_StructInit                         0x0800202f   Thumb Code    24  stm32f4xx_usart.o(i.USART_StructInit)
    __0printf                                0x08002049   Thumb Code    22  printfa.o(i.__0printf)
    __1printf                                0x08002049   Thumb Code     0  printfa.o(i.__0printf)
    __2printf                                0x08002049   Thumb Code     0  printfa.o(i.__0printf)
    __c89printf                              0x08002049   Thumb Code     0  printfa.o(i.__0printf)
    printf                                   0x08002049   Thumb Code     0  printfa.o(i.__0printf)
    __0snprintf                              0x08002069   Thumb Code    48  printfa.o(i.__0snprintf)
    __1snprintf                              0x08002069   Thumb Code     0  printfa.o(i.__0snprintf)
    __2snprintf                              0x08002069   Thumb Code     0  printfa.o(i.__0snprintf)
    __c89snprintf                            0x08002069   Thumb Code     0  printfa.o(i.__0snprintf)
    snprintf                                 0x08002069   Thumb Code     0  printfa.o(i.__0snprintf)
    __hardfp_atof                            0x080020a1   Thumb Code    44  atof.o(i.__hardfp_atof)
    __read_errno                             0x080020d9   Thumb Code     6  errno.o(i.__read_errno)
    __scatterload_copy                       0x080020e5   Thumb Code    14  handlers.o(i.__scatterload_copy)
    __scatterload_null                       0x080020f3   Thumb Code     2  handlers.o(i.__scatterload_null)
    __scatterload_zeroinit                   0x080020f5   Thumb Code    14  handlers.o(i.__scatterload_zeroinit)
    __set_errno                              0x08002105   Thumb Code     6  errno.o(i.__set_errno)
    _is_digit                                0x08002295   Thumb Code    14  scanf_fp.o(i._is_digit)
    board__lowlevel_init                     0x08002a13   Thumb Code    60  board.o(i.board__lowlevel_init)
    board_init                               0x08002a51   Thumb Code    34  board.o(i.board_init)
    console_init                             0x08002aa9   Thumb Code   188  console.o(i.console_init)
    cpu_delay_ms                             0x08002b6d   Thumb Code    62  cpu_tick.o(i.cpu_delay_ms)
    cpu_delay_us                             0x08002bb1   Thumb Code    76  cpu_tick.o(i.cpu_delay_us)
    cpu_get_ms                               0x08002c01   Thumb Code    32  cpu_tick.o(i.cpu_get_ms)
    cpu_now                                  0x08002c29   Thumb Code    60  cpu_tick.o(i.cpu_now)
    cpu_register_periodic_callback           0x08002cd1   Thumb Code     6  cpu_tick.o(i.cpu_register_periodic_callback)
    cpu_tick_init                            0x08002cdd   Thumb Code    28  cpu_tick.o(i.cpu_tick_init)
    error_page_display                       0x08002cfd   Thumb Code    94  error_page.o(i.error_page_display)
    esp_at_connect_wifi                      0x08002d65   Thumb Code    70  esp_at.o(i.esp_at_connect_wifi)
    esp_at_get_response                      0x08002dc9   Thumb Code     4  esp_at.o(i.esp_at_get_response)
    esp_at_get_wifi_info                     0x08002dd1   Thumb Code    88  esp_at.o(i.esp_at_get_wifi_info)
    esp_at_http_get                          0x08002e41   Thumb Code    48  esp_at.o(i.esp_at_http_get)
    esp_at_init                              0x08002e8d   Thumb Code    70  esp_at.o(i.esp_at_init)
    esp_at_sntp_get_time                     0x08002ee5   Thumb Code    44  esp_at.o(i.esp_at_sntp_get_time)
    esp_at_sntp_init                         0x08002f21   Thumb Code    24  esp_at.o(i.esp_at_sntp_init)
    esp_at_usart_init                        0x08002f4d   Thumb Code   152  esp_at.o(i.esp_at_usart_init)
    esp_at_wait_ready                        0x080030d5   Thumb Code    26  esp_at.o(i.esp_at_wait_ready)
    esp_at_wifi_init                         0x080030f1   Thumb Code    16  esp_at.o(i.esp_at_wifi_init)
    esp_at_write_command                     0x0800310d   Thumb Code    42  esp_at.o(i.esp_at_write_command)
    fputc                                    0x08003139   Thumb Code    40  board.o(i.fputc)
    main                                     0x08003233   Thumb Code    36  main.o(i.main)
    main_loop                                0x08003257   Thumb Code    24  mloop.o(i.main_loop)
    main_loop_init                           0x08003271   Thumb Code    10  mloop.o(i.main_loop_init)
    main_page_display                        0x08003281   Thumb Code   328  main_page.o(i.main_page_display)
    main_page_redraw_date                    0x08003429   Thumb Code   136  main_page.o(i.main_page_redraw_date)
    main_page_redraw_inner_humidity          0x080034ed   Thumb Code    98  main_page.o(i.main_page_redraw_inner_humidity)
    main_page_redraw_inner_temperature       0x08003565   Thumb Code   102  main_page.o(i.main_page_redraw_inner_temperature)
    main_page_redraw_outdoor_temperature     0x080035e1   Thumb Code   102  main_page.o(i.main_page_redraw_outdoor_temperature)
    main_page_redraw_outdoor_weather_icon    0x0800365d   Thumb Code   152  main_page.o(i.main_page_redraw_outdoor_weather_icon)
    main_page_redraw_time                    0x08003715   Thumb Code   122  main_page.o(i.main_page_redraw_time)
    main_page_redraw_wifi_ssid               0x080037b1   Thumb Code    46  main_page.o(i.main_page_redraw_wifi_ssid)
    parse_cipsntptime_response               0x08003945   Thumb Code    86  real_time.o(i.parse_cipsntptime_response)
    parse_cwstate_response                   0x080039dd   Thumb Code    68  esp_at.o(i.parse_cwstate_response)
    parse_seniverse_response                 0x08003a45   Thumb Code   272  weather.o(i.parse_seniverse_response)
    parse_swjap_response                     0x08003c05   Thumb Code    60  esp_at.o(i.parse_swjap_response)
    rtc_get_time                             0x08003c6d   Thumb Code    42  rtc.o(i.rtc_get_time)
    rtc_get_time_single                      0x08003c97   Thumb Code    80  rtc.o(i.rtc_get_time_single)
    rtc_init                                 0x08003ce7   Thumb Code    66  rtc.o(i.rtc_init)
    rtc_set_time                             0x08003d29   Thumb Code    42  rtc.o(i.rtc_set_time)
    rtc_set_time_single                      0x08003d53   Thumb Code    82  rtc.o(i.rtc_set_time_single)
    st7789_fill_color                        0x08003ef9   Thumb Code   190  st7789.o(i.st7789_fill_color)
    st7789_init                              0x08003fc1   Thumb Code   248  st7789.o(i.st7789_init)
    st7789_init_display                      0x080040c1   Thumb Code   354  st7789.o(i.st7789_init_display)
    st7789_reset                             0x08004279   Thumb Code    36  st7789.o(i.st7789_reset)
    st7789_set_backlight                     0x080042a1   Thumb Code    18  st7789.o(i.st7789_set_backlight)
    st7789_write_ascii                       0x08004317   Thumb Code   106  st7789.o(i.st7789_write_ascii)
    st7789_write_chinese                     0x08004381   Thumb Code   136  st7789.o(i.st7789_write_chinese)
    st7789_write_image                       0x08004409   Thumb Code   208  st7789.o(i.st7789_write_image)
    st7789_write_register                    0x080044e1   Thumb Code   168  st7789.o(i.st7789_write_register)
    st7789_write_string                      0x08004591   Thumb Code   132  st7789.o(i.st7789_write_string)
    usart1_clear_rx_buffer                   0x080047b1   Thumb Code    24  esp_at.o(i.usart1_clear_rx_buffer)
    welcome_page_display                     0x08004805   Thumb Code   100  welcome_page.o(i.welcome_page_display)
    wifi_init                                0x08004899   Thumb Code    86  wifi.o(i.wifi_init)
    wifi_is_connected                        0x0800498d   Thumb Code    24  esp_at.o(i.wifi_is_connected)
    wifi_page_display                        0x080049a5   Thumb Code   138  wifi_page.o(i.wifi_page_display)
    wifi_wait_connect                        0x08004b81   Thumb Code   136  wifi.o(i.wifi_wait_connect)
    font16_mapple                            0x08005340   Data          16  font16_mapple.o(.constdata)
    font20_mapple_bold                       0x08006918   Data          16  font20_mapple_bold.o(.constdata)
    font24_mapple_bold                       0x08007bf0   Data          16  font24_mapple_bold.o(.constdata)
    font32_mapple_bold                       0x08009918   Data          16  font32_mapple_bold.o(.constdata)
    font54_mapple_bold                       0x0800a4f8   Data          16  font54_mapple_bold.o(.constdata)
    font76_mapple_extrabold                  0x0800b854   Data          16  font76_mapple_extrabold.o(.constdata)
    font64_mapple_extrabold                  0x0800c864   Data          16  font64_mapple_extrabold.o(.constdata)
    gImage_icon_na                           0x0800c874   Data        5832  icon_na.o(.constdata)
    image_icon_na                            0x0800df3c   Data           8  icon_na.o(.constdata)
    gImage_img_meihua                        0x0800df44   Data       64800  img_meihua.o(.constdata)
    image_meihua180                          0x0801dc64   Data           8  img_meihua.o(.constdata)
    gImage_img_error                         0x0801dc6c   Data       51200  img_error.o(.constdata)
    image_error160                           0x0802a46c   Data           8  img_error.o(.constdata)
    gImage_img_wifi                          0x0802a474   Data       59040  img_wifi.o(.constdata)
    image_wifi180                            0x08038b14   Data           8  img_wifi.o(.constdata)
    gImage_icon_duoyun                       0x08038b1c   Data        5832  icon_duoyun.o(.constdata)
    image_icon_duoyun                        0x0803a1e4   Data           8  icon_duoyun.o(.constdata)
    gImage_icon_leizhenyu                    0x0803a1ec   Data        5832  icon_leizhenyu.o(.constdata)
    image_icon_leizhenyu                     0x0803b8b4   Data           8  icon_leizhenyu.o(.constdata)
    gImage_icon_qing                         0x0803b8bc   Data        5832  icon_qing.o(.constdata)
    image_icon_qing                          0x0803cf84   Data           8  icon_qing.o(.constdata)
    gImage_icon_wenduji                      0x0803cf8c   Data        2142  icon_wenduji.o(.constdata)
    image_icon_wenduji                       0x0803d7ec   Data           8  icon_wenduji.o(.constdata)
    gImage_icon_wifi                         0x0803d7f4   Data        1152  icon_wifi.o(.constdata)
    image_icon_wifi                          0x0803dc74   Data           8  icon_wifi.o(.constdata)
    gImage_icon_yintian                      0x0803dc7c   Data        5832  icon_yintian.o(.constdata)
    image_icon_yintian                       0x0803f344   Data           8  icon_yintian.o(.constdata)
    gImage_icon_yueliang                     0x0803f34c   Data        5832  icon_yueliang.o(.constdata)
    image_icon_yueliang                      0x08040a14   Data           8  icon_yueliang.o(.constdata)
    gImage_icon_zhongxue                     0x08040a1c   Data        5832  icon_zhongxue.o(.constdata)
    image_icon_zhongxue                      0x080420e4   Data           8  icon_zhongxue.o(.constdata)
    gImage_icon_zhongyu                      0x080420ec   Data        5832  icon_zhongyu.o(.constdata)
    image_icon_zhongyu                       0x080437b4   Data           8  icon_zhongyu.o(.constdata)
    __ctype_categories                       0x08043800   Data          64  ctype_c.o(.constdata)
    Region$$Table$$Base                      0x080439e8   Number         0  anon$$obj.o(Region$$Table)
    Region$$Table$$Limit                     0x08043a08   Number         0  anon$$obj.o(Region$$Table)
    cpu_tick_count                           0x20000028   Data           8  cpu_tick.o(.data)
    console_func                             0x20000034   Data           4  console.o(.data)
    SystemCoreClock                          0x20000038   Data           4  system_stm32f4xx.o(.data)
    AHBPrescTable                            0x2000003c   Data          16  system_stm32f4xx.o(.data)
    __stdout                                 0x2000005c   Data           4  stdout.o(.data)
    rec_data                                 0x2000051c   Data          16  dht11.o(.bss)
    __initial_sp                             0x20000930   Data           0  startup_stm32f40_41xxx.o(STACK)



==============================================================================

Memory Map of the image

  Image Entry point : 0x08000189

  Load Region LR_IROM1 (Base: 0x08000000, Size: 0x00043a6c, Max: 0x00080000, ABSOLUTE)

    Execution Region ER_IROM1 (Exec base: 0x08000000, Load base: 0x08000000, Size: 0x00043a08, Max: 0x00080000, ABSOLUTE)

    Exec Addr    Load Addr    Size         Type   Attr      Idx    E Section Name        Object

    0x08000000   0x08000000   0x00000188   Data   RO         1291    RESET               startup_stm32f40_41xxx.o
    0x08000188   0x08000188   0x00000000   Code   RO         6348  * .ARM.Collect$$$$00000000  mc_w.l(entry.o)
    0x08000188   0x08000188   0x00000004   Code   RO         6640    .ARM.Collect$$$$00000001  mc_w.l(entry2.o)
    0x0800018c   0x0800018c   0x00000004   Code   RO         6643    .ARM.Collect$$$$00000004  mc_w.l(entry5.o)
    0x08000190   0x08000190   0x00000000   Code   RO         6645    .ARM.Collect$$$$00000008  mc_w.l(entry7b.o)
    0x08000190   0x08000190   0x00000000   Code   RO         6647    .ARM.Collect$$$$0000000A  mc_w.l(entry8b.o)
    0x08000190   0x08000190   0x00000008   Code   RO         6648    .ARM.Collect$$$$0000000B  mc_w.l(entry9a.o)
    0x08000198   0x08000198   0x00000004   Code   RO         6655    .ARM.Collect$$$$0000000E  mc_w.l(entry12b.o)
    0x0800019c   0x0800019c   0x00000000   Code   RO         6650    .ARM.Collect$$$$0000000F  mc_w.l(entry10a.o)
    0x0800019c   0x0800019c   0x00000000   Code   RO         6652    .ARM.Collect$$$$00000011  mc_w.l(entry11a.o)
    0x0800019c   0x0800019c   0x00000004   Code   RO         6641    .ARM.Collect$$$$00002712  mc_w.l(entry2.o)
    0x080001a0   0x080001a0   0x00000024   Code   RO         1292    .text               startup_stm32f40_41xxx.o
    0x080001c4   0x080001c4   0x00000062   Code   RO         6351    .text               mc_w.l(uldiv.o)
    0x08000226   0x08000226   0x00000024   Code   RO         6353    .text               mc_w.l(memcpya.o)
    0x0800024a   0x0800024a   0x00000024   Code   RO         6355    .text               mc_w.l(memseta.o)
    0x0800026e   0x0800026e   0x00000024   Code   RO         6357    .text               mc_w.l(strstr.o)
    0x08000292   0x08000292   0x00000018   Code   RO         6359    .text               mc_w.l(strncpy.o)
    0x080002aa   0x080002aa   0x0000000e   Code   RO         6361    .text               mc_w.l(strlen.o)
    0x080002b8   0x080002b8   0x0000001c   Code   RO         6363    .text               mc_w.l(strcmp.o)
    0x080002d4   0x080002d4   0x0000001a   Code   RO         6365    .text               mc_w.l(memcmp.o)
    0x080002ee   0x080002ee   0x00000002   PAD
    0x080002f0   0x080002f0   0x00000038   Code   RO         6630    .text               mc_w.l(__0sscanf.o)
    0x08000328   0x08000328   0x0000014c   Code   RO         6632    .text               mc_w.l(_scanf_int.o)
    0x08000474   0x08000474   0x000000e0   Code   RO         6634    .text               mc_w.l(_scanf_str.o)
    0x08000554   0x08000554   0x00000026   Code   RO         6636    .text               mf_w.l(f2d.o)
    0x0800057a   0x0800057a   0x00000038   Code   RO         6638    .text               mf_w.l(d2f.o)
    0x080005b2   0x080005b2   0x0000002c   Code   RO         6657    .text               mc_w.l(uidiv.o)
    0x080005de   0x080005de   0x0000001e   Code   RO         6659    .text               mc_w.l(llshl.o)
    0x080005fc   0x080005fc   0x00000020   Code   RO         6661    .text               mc_w.l(llushr.o)
    0x0800061c   0x0800061c   0x0000001c   Code   RO         6670    .text               mc_w.l(_chval.o)
    0x08000638   0x08000638   0x00000028   Code   RO         6672    .text               mc_w.l(scanf_char.o)
    0x08000660   0x08000660   0x00000040   Code   RO         6674    .text               mc_w.l(_sgetc.o)
    0x080006a0   0x080006a0   0x0000009c   Code   RO         6676    .text               mc_w.l(strtod.o)
    0x0800073c   0x0800073c   0x00000000   Code   RO         6678    .text               mc_w.l(iusefp.o)
    0x0800073c   0x0800073c   0x0000006e   Code   RO         6679    .text               mf_w.l(fepilogue.o)
    0x080007aa   0x080007aa   0x0000014e   Code   RO         6681    .text               mf_w.l(dadd.o)
    0x080008f8   0x080008f8   0x000000e4   Code   RO         6683    .text               mf_w.l(dmul.o)
    0x080009dc   0x080009dc   0x000000de   Code   RO         6685    .text               mf_w.l(ddiv.o)
    0x08000aba   0x08000aba   0x00000030   Code   RO         6687    .text               mf_w.l(dfixul.o)
    0x08000aea   0x08000aea   0x00000002   PAD
    0x08000aec   0x08000aec   0x00000030   Code   RO         6689    .text               mf_w.l(cdrcmple.o)
    0x08000b1c   0x08000b1c   0x00000024   Code   RO         6691    .text               mc_w.l(init.o)
    0x08000b40   0x08000b40   0x00000024   Code   RO         6693    .text               mc_w.l(llsshr.o)
    0x08000b64   0x08000b64   0x0000000a   Code   RO         6695    .text               mc_w.l(isspace_c.o)
    0x08000b6e   0x08000b6e   0x00000002   PAD
    0x08000b70   0x08000b70   0x00000330   Code   RO         6697    .text               mc_w.l(_scanf.o)
    0x08000ea0   0x08000ea0   0x00000360   Code   RO         6699    .text               mc_w.l(scanf_fp.o)
    0x08001200   0x08001200   0x000000ba   Code   RO         6703    .text               mf_w.l(depilogue.o)
    0x080012ba   0x080012ba   0x00000002   PAD
    0x080012bc   0x080012bc   0x00000028   Code   RO         6705    .text               mc_w.l(ctype_c.o)
    0x080012e4   0x080012e4   0x00000018   Code   RO         6708    .text               mf_w.l(dfltul.o)
    0x080012fc   0x080012fc   0x0000002c   Code   RO         1241    i.DH11_GPIO_Init_IN  dht11.o
    0x08001328   0x08001328   0x00000028   Code   RO         1242    i.DH11_GPIO_Init_OUT  dht11.o
    0x08001350   0x08001350   0x000000e8   Code   RO         1243    i.DHT11_REC_Data    dht11.o
    0x08001438   0x08001438   0x00000058   Code   RO         1244    i.DHT11_Rec_Byte    dht11.o
    0x08001490   0x08001490   0x00000040   Code   RO         1245    i.DHT11_Start       dht11.o
    0x080014d0   0x080014d0   0x00000090   Code   RO         3215    i.GPIO_Init         stm32f4xx_gpio.o
    0x08001560   0x08001560   0x00000046   Code   RO         3216    i.GPIO_PinAFConfig  stm32f4xx_gpio.o
    0x080015a6   0x080015a6   0x00000012   Code   RO         3219    i.GPIO_ReadInputDataBit  stm32f4xx_gpio.o
    0x080015b8   0x080015b8   0x00000006   Code   RO         3222    i.GPIO_ResetBits    stm32f4xx_gpio.o
    0x080015be   0x080015be   0x00000004   Code   RO         3223    i.GPIO_SetBits      stm32f4xx_gpio.o
    0x080015c2   0x080015c2   0x00000012   Code   RO         3224    i.GPIO_StructInit   stm32f4xx_gpio.o
    0x080015d4   0x080015d4   0x0000000c   Code   RO         3227    i.GPIO_WriteBit     stm32f4xx_gpio.o
    0x080015e0   0x080015e0   0x00000078   Code   RO         1340    i.NVIC_Init         misc.o
    0x08001658   0x08001658   0x00000014   Code   RO         1341    i.NVIC_PriorityGroupConfig  misc.o
    0x0800166c   0x0800166c   0x0000000c   Code   RO         4006    i.PWR_BackupAccessCmd  stm32f4xx_pwr.o
    0x08001678   0x08001678   0x00000020   Code   RO         4141    i.RCC_AHB1PeriphClockCmd  stm32f4xx_rcc.o
    0x08001698   0x08001698   0x00000020   Code   RO         4150    i.RCC_APB1PeriphClockCmd  stm32f4xx_rcc.o
    0x080016b8   0x080016b8   0x00000020   Code   RO         4153    i.RCC_APB2PeriphClockCmd  stm32f4xx_rcc.o
    0x080016d8   0x080016d8   0x000000e8   Code   RO         4162    i.RCC_GetClocksFreq  stm32f4xx_rcc.o
    0x080017c0   0x080017c0   0x00000040   Code   RO         4163    i.RCC_GetFlagStatus  stm32f4xx_rcc.o
    0x08001800   0x08001800   0x0000002c   Code   RO         4171    i.RCC_LSEConfig     stm32f4xx_rcc.o
    0x0800182c   0x0800182c   0x0000000c   Code   RO         4185    i.RCC_RTCCLKCmd     stm32f4xx_rcc.o
    0x08001838   0x08001838   0x0000003c   Code   RO         4186    i.RCC_RTCCLKConfig  stm32f4xx_rcc.o
    0x08001874   0x08001874   0x00000016   Code   RO         4548    i.RTC_Bcd2ToByte    stm32f4xx_rtc.o
    0x0800188a   0x0800188a   0x0000001c   Code   RO         4550    i.RTC_ByteToBcd2    stm32f4xx_rtc.o
    0x080018a6   0x080018a6   0x0000000e   Code   RO         4557    i.RTC_DateStructInit  stm32f4xx_rtc.o
    0x080018b4   0x080018b4   0x00000050   Code   RO         4560    i.RTC_EnterInitMode  stm32f4xx_rtc.o
    0x08001904   0x08001904   0x00000014   Code   RO         4561    i.RTC_ExitInitMode  stm32f4xx_rtc.o
    0x08001918   0x08001918   0x0000004c   Code   RO         4564    i.RTC_GetDate       stm32f4xx_rtc.o
    0x08001964   0x08001964   0x00000050   Code   RO         4569    i.RTC_GetTime       stm32f4xx_rtc.o
    0x080019b4   0x080019b4   0x00000064   Code   RO         4574    i.RTC_Init          stm32f4xx_rtc.o
    0x08001a18   0x08001a18   0x000000c8   Code   RO         4580    i.RTC_SetDate       stm32f4xx_rtc.o
    0x08001ae0   0x08001ae0   0x000000d0   Code   RO         4581    i.RTC_SetTime       stm32f4xx_rtc.o
    0x08001bb0   0x08001bb0   0x0000000e   Code   RO         4584    i.RTC_StructInit    stm32f4xx_rtc.o
    0x08001bbe   0x08001bbe   0x00000002   PAD
    0x08001bc0   0x08001bc0   0x00000038   Code   RO         4593    i.RTC_TimeStampCmd  stm32f4xx_rtc.o
    0x08001bf8   0x08001bf8   0x0000000c   Code   RO         4596    i.RTC_TimeStructInit  stm32f4xx_rtc.o
    0x08001c04   0x08001c04   0x00000060   Code   RO         4597    i.RTC_WaitForSynchro  stm32f4xx_rtc.o
    0x08001c64   0x08001c64   0x00000018   Code   RO         5299    i.SPI_Cmd           stm32f4xx_spi.o
    0x08001c7c   0x08001c7c   0x00000012   Code   RO         5307    i.SPI_I2S_GetFlagStatus  stm32f4xx_spi.o
    0x08001c8e   0x08001c8e   0x00000004   Code   RO         5311    i.SPI_I2S_SendData  stm32f4xx_spi.o
    0x08001c92   0x08001c92   0x0000003c   Code   RO         5312    i.SPI_Init          stm32f4xx_spi.o
    0x08001cce   0x08001cce   0x00000018   Code   RO         5315    i.SPI_StructInit    stm32f4xx_spi.o
    0x08001ce6   0x08001ce6   0x00000002   PAD
    0x08001ce8   0x08001ce8   0x000000ec   Code   RO         1299    i.SetSysClock       system_stm32f4xx.o
    0x08001dd4   0x08001dd4   0x0000003c   Code   RO          909    i.SysTick_Handler   cpu_tick.o
    0x08001e10   0x08001e10   0x00000068   Code   RO         1301    i.SystemInit        system_stm32f4xx.o
    0x08001e78   0x08001e78   0x00000040   Code   RO         1081    i.USART2_IRQHandler  console.o
    0x08001eb8   0x08001eb8   0x00000012   Code   RO         6087    i.USART_ClearFlag   stm32f4xx_usart.o
    0x08001eca   0x08001eca   0x00000018   Code   RO         6091    i.USART_Cmd         stm32f4xx_usart.o
    0x08001ee2   0x08001ee2   0x0000001a   Code   RO         6094    i.USART_GetFlagStatus  stm32f4xx_usart.o
    0x08001efc   0x08001efc   0x0000004a   Code   RO         6097    i.USART_ITConfig    stm32f4xx_usart.o
    0x08001f46   0x08001f46   0x00000002   PAD
    0x08001f48   0x08001f48   0x000000d4   Code   RO         6098    i.USART_Init        stm32f4xx_usart.o
    0x0800201c   0x0800201c   0x0000000a   Code   RO         6105    i.USART_ReceiveData  stm32f4xx_usart.o
    0x08002026   0x08002026   0x00000008   Code   RO         6108    i.USART_SendData    stm32f4xx_usart.o
    0x0800202e   0x0800202e   0x00000018   Code   RO         6114    i.USART_StructInit  stm32f4xx_usart.o
    0x08002046   0x08002046   0x00000002   PAD
    0x08002048   0x08002048   0x00000020   Code   RO         6602    i.__0printf         mc_w.l(printfa.o)
    0x08002068   0x08002068   0x00000034   Code   RO         6603    i.__0snprintf       mc_w.l(printfa.o)
    0x0800209c   0x0800209c   0x00000004   PAD
    0x080020a0   0x080020a0   0x00000038   Code   RO         6342    i.__hardfp_atof     m_wm.l(atof.o)
    0x080020d8   0x080020d8   0x0000000c   Code   RO         6664    i.__read_errno      mc_w.l(errno.o)
    0x080020e4   0x080020e4   0x0000000e   Code   RO         6712    i.__scatterload_copy  mc_w.l(handlers.o)
    0x080020f2   0x080020f2   0x00000002   Code   RO         6713    i.__scatterload_null  mc_w.l(handlers.o)
    0x080020f4   0x080020f4   0x0000000e   Code   RO         6714    i.__scatterload_zeroinit  mc_w.l(handlers.o)
    0x08002102   0x08002102   0x00000002   PAD
    0x08002104   0x08002104   0x0000000c   Code   RO         6665    i.__set_errno       mc_w.l(errno.o)
    0x08002110   0x08002110   0x00000184   Code   RO         6609    i._fp_digits        mc_w.l(printfa.o)
    0x08002294   0x08002294   0x0000000e   Code   RO         6701    i._is_digit         mc_w.l(scanf_fp.o)
    0x080022a2   0x080022a2   0x00000002   PAD
    0x080022a4   0x080022a4   0x000006b4   Code   RO         6610    i._printf_core      mc_w.l(printfa.o)
    0x08002958   0x08002958   0x00000024   Code   RO         6611    i._printf_post_padding  mc_w.l(printfa.o)
    0x0800297c   0x0800297c   0x0000002e   Code   RO         6612    i._printf_pre_padding  mc_w.l(printfa.o)
    0x080029aa   0x080029aa   0x00000016   Code   RO         6613    i._snputc           mc_w.l(printfa.o)
    0x080029c0   0x080029c0   0x00000052   Code   RO          978    i.ascii_get_model   st7789.o
    0x08002a12   0x08002a12   0x0000003c   Code   RO          302    i.board__lowlevel_init  board.o
    0x08002a4e   0x08002a4e   0x00000002   PAD
    0x08002a50   0x08002a50   0x00000058   Code   RO          303    i.board_init        board.o
    0x08002aa8   0x08002aa8   0x000000c4   Code   RO         1082    i.console_init      console.o
    0x08002b6c   0x08002b6c   0x00000044   Code   RO          910    i.cpu_delay_ms      cpu_tick.o
    0x08002bb0   0x08002bb0   0x00000050   Code   RO          911    i.cpu_delay_us      cpu_tick.o
    0x08002c00   0x08002c00   0x00000028   Code   RO          912    i.cpu_get_ms        cpu_tick.o
    0x08002c28   0x08002c28   0x00000040   Code   RO          914    i.cpu_now           cpu_tick.o
    0x08002c68   0x08002c68   0x00000068   Code   RO          158    i.cpu_periodic_callback  mloop.o
    0x08002cd0   0x08002cd0   0x0000000c   Code   RO          915    i.cpu_register_periodic_callback  cpu_tick.o
    0x08002cdc   0x08002cdc   0x00000020   Code   RO          916    i.cpu_tick_init     cpu_tick.o
    0x08002cfc   0x08002cfc   0x00000068   Code   RO          684    i.error_page_display  error_page.o
    0x08002d64   0x08002d64   0x00000064   Code   RO          778    i.esp_at_connect_wifi  esp_at.o
    0x08002dc8   0x08002dc8   0x00000008   Code   RO          779    i.esp_at_get_response  esp_at.o
    0x08002dd0   0x08002dd0   0x00000070   Code   RO          780    i.esp_at_get_wifi_info  esp_at.o
    0x08002e40   0x08002e40   0x0000004c   Code   RO          781    i.esp_at_http_get   esp_at.o
    0x08002e8c   0x08002e8c   0x00000058   Code   RO          782    i.esp_at_init       esp_at.o
    0x08002ee4   0x08002ee4   0x0000003c   Code   RO          783    i.esp_at_sntp_get_time  esp_at.o
    0x08002f20   0x08002f20   0x0000002c   Code   RO          784    i.esp_at_sntp_init  esp_at.o
    0x08002f4c   0x08002f4c   0x000000a0   Code   RO          785    i.esp_at_usart_init  esp_at.o
    0x08002fec   0x08002fec   0x00000090   Code   RO          786    i.esp_at_usart_wait_receive  esp_at.o
    0x0800307c   0x0800307c   0x00000058   Code   RO          787    i.esp_at_usart_write  esp_at.o
    0x080030d4   0x080030d4   0x0000001a   Code   RO          788    i.esp_at_wait_ready  esp_at.o
    0x080030ee   0x080030ee   0x00000002   PAD
    0x080030f0   0x080030f0   0x0000001c   Code   RO          789    i.esp_at_wifi_init  esp_at.o
    0x0800310c   0x0800310c   0x0000002a   Code   RO          790    i.esp_at_write_command  esp_at.o
    0x08003136   0x08003136   0x00000002   PAD
    0x08003138   0x08003138   0x0000002c   Code   RO          304    i.fputc             board.o
    0x08003164   0x08003164   0x00000030   Code   RO          979    i.in_screen_range   st7789.o
    0x08003194   0x08003194   0x0000008c   Code   RO          160    i.inner_update_dht11  mloop.o
    0x08003220   0x08003220   0x00000012   Code   RO          980    i.is_gb2312         st7789.o
    0x08003232   0x08003232   0x00000024   Code   RO            4    i.main              main.o
    0x08003256   0x08003256   0x00000018   Code   RO          161    i.main_loop         mloop.o
    0x0800326e   0x0800326e   0x00000002   PAD
    0x08003270   0x08003270   0x00000010   Code   RO          162    i.main_loop_init    mloop.o
    0x08003280   0x08003280   0x000001a8   Code   RO          710    i.main_page_display  main_page.o
    0x08003428   0x08003428   0x000000c4   Code   RO          711    i.main_page_redraw_date  main_page.o
    0x080034ec   0x080034ec   0x00000078   Code   RO          712    i.main_page_redraw_inner_humidity  main_page.o
    0x08003564   0x08003564   0x0000007c   Code   RO          713    i.main_page_redraw_inner_temperature  main_page.o
    0x080035e0   0x080035e0   0x0000007c   Code   RO          715    i.main_page_redraw_outdoor_temperature  main_page.o
    0x0800365c   0x0800365c   0x000000b8   Code   RO          716    i.main_page_redraw_outdoor_weather_icon  main_page.o
    0x08003714   0x08003714   0x0000009c   Code   RO          717    i.main_page_redraw_time  main_page.o
    0x080037b0   0x080037b0   0x0000003c   Code   RO          718    i.main_page_redraw_wifi_ssid  main_page.o
    0x080037ec   0x080037ec   0x00000030   Code   RO          791    i.match_internal_ack  esp_at.o
    0x0800381c   0x0800381c   0x0000003c   Code   RO          271    i.month_str_to_num  real_time.o
    0x08003858   0x08003858   0x000000ec   Code   RO          163    i.outdoor_update    mloop.o
    0x08003944   0x08003944   0x00000098   Code   RO          272    i.parse_cipsntptime_response  real_time.o
    0x080039dc   0x080039dc   0x00000068   Code   RO          792    i.parse_cwstate_response  esp_at.o
    0x08003a44   0x08003a44   0x000001c0   Code   RO          249    i.parse_seniverse_response  weather.o
    0x08003c04   0x08003c04   0x00000068   Code   RO          793    i.parse_swjap_response  esp_at.o
    0x08003c6c   0x08003c6c   0x0000002a   Code   RO         1193    i.rtc_get_time      rtc.o
    0x08003c96   0x08003c96   0x00000050   Code   RO         1194    i.rtc_get_time_single  rtc.o
    0x08003ce6   0x08003ce6   0x00000042   Code   RO         1195    i.rtc_init          rtc.o
    0x08003d28   0x08003d28   0x0000002a   Code   RO         1196    i.rtc_set_time      rtc.o
    0x08003d52   0x08003d52   0x00000052   Code   RO         1197    i.rtc_set_time_single  rtc.o
    0x08003da4   0x08003da4   0x00000154   Code   RO          981    i.st7789_draw_font  st7789.o
    0x08003ef8   0x08003ef8   0x000000c8   Code   RO          982    i.st7789_fill_color  st7789.o
    0x08003fc0   0x08003fc0   0x00000100   Code   RO          983    i.st7789_init       st7789.o
    0x080040c0   0x080040c0   0x000001b8   Code   RO          984    i.st7789_init_display  st7789.o
    0x08004278   0x08004278   0x00000028   Code   RO          985    i.st7789_reset      st7789.o
    0x080042a0   0x080042a0   0x00000018   Code   RO          986    i.st7789_set_backlight  st7789.o
    0x080042b8   0x080042b8   0x0000005e   Code   RO          987    i.st7789_set_range_and_prepare_gram  st7789.o
    0x08004316   0x08004316   0x0000006a   Code   RO          988    i.st7789_write_ascii  st7789.o
    0x08004380   0x08004380   0x00000088   Code   RO          989    i.st7789_write_chinese  st7789.o
    0x08004408   0x08004408   0x000000d8   Code   RO          990    i.st7789_write_image  st7789.o
    0x080044e0   0x080044e0   0x000000b0   Code   RO          991    i.st7789_write_register  st7789.o
    0x08004590   0x08004590   0x00000084   Code   RO          992    i.st7789_write_string  st7789.o
    0x08004614   0x08004614   0x00000140   Code   RO          164    i.time_sync         mloop.o
    0x08004754   0x08004754   0x0000005c   Code   RO          165    i.time_update       mloop.o
    0x080047b0   0x080047b0   0x0000001c   Code   RO          794    i.usart1_clear_rx_buffer  esp_at.o
    0x080047cc   0x080047cc   0x00000038   Code   RO          273    i.weekday_str_to_num  real_time.o
    0x08004804   0x08004804   0x00000094   Code   RO          664    i.welcome_page_display  welcome_page.o
    0x08004898   0x08004898   0x000000f4   Code   RO          353    i.wifi_init         wifi.o
    0x0800498c   0x0800498c   0x00000018   Code   RO          795    i.wifi_is_connected  esp_at.o
    0x080049a4   0x080049a4   0x000000b0   Code   RO          696    i.wifi_page_display  wifi_page.o
    0x08004a54   0x08004a54   0x0000012c   Code   RO          166    i.wifi_update       mloop.o
    0x08004b80   0x08004b80   0x00000184   Code   RO          354    i.wifi_wait_connect  wifi.o
    0x08004d04   0x08004d04   0x0000004c   Data   RO          274    .constdata          real_time.o
    0x08004d50   0x08004d50   0x00000600   Data   RO          384    .constdata          font16_mapple.o
    0x08005350   0x08005350   0x000015d8   Data   RO          397    .constdata          font20_mapple_bold.o
    0x08006928   0x08006928   0x000012d8   Data   RO          411    .constdata          font24_mapple_bold.o
    0x08007c00   0x08007c00   0x00001d28   Data   RO          425    .constdata          font32_mapple_bold.o
    0x08009928   0x08009928   0x00000be0   Data   RO          439    .constdata          font54_mapple_bold.o
    0x0800a508   0x0800a508   0x0000135c   Data   RO          467    .constdata          font76_mapple_extrabold.o
    0x0800b864   0x0800b864   0x00001010   Data   RO          481    .constdata          font64_mapple_extrabold.o
    0x0800c874   0x0800c874   0x000016d0   Data   RO          495    .constdata          icon_na.o
    0x0800df44   0x0800df44   0x0000fd28   Data   RO          508    .constdata          img_meihua.o
    0x0801dc6c   0x0801dc6c   0x0000c808   Data   RO          521    .constdata          img_error.o
    0x0802a474   0x0802a474   0x0000e6a8   Data   RO          534    .constdata          img_wifi.o
    0x08038b1c   0x08038b1c   0x000016d0   Data   RO          547    .constdata          icon_duoyun.o
    0x0803a1ec   0x0803a1ec   0x000016d0   Data   RO          560    .constdata          icon_leizhenyu.o
    0x0803b8bc   0x0803b8bc   0x000016d0   Data   RO          573    .constdata          icon_qing.o
    0x0803cf8c   0x0803cf8c   0x00000868   Data   RO          586    .constdata          icon_wenduji.o
    0x0803d7f4   0x0803d7f4   0x00000488   Data   RO          599    .constdata          icon_wifi.o
    0x0803dc7c   0x0803dc7c   0x000016d0   Data   RO          612    .constdata          icon_yintian.o
    0x0803f34c   0x0803f34c   0x000016d0   Data   RO          625    .constdata          icon_yueliang.o
    0x08040a1c   0x08040a1c   0x000016d0   Data   RO          638    .constdata          icon_zhongxue.o
    0x080420ec   0x080420ec   0x000016d0   Data   RO          651    .constdata          icon_zhongyu.o
    0x080437bc   0x080437bc   0x00000024   Data   RO          719    .constdata          main_page.o
    0x080437e0   0x080437e0   0x00000020   Data   RO          797    .constdata          esp_at.o
    0x08043800   0x08043800   0x00000040   Data   RO         6706    .constdata          mc_w.l(ctype_c.o)
    0x08043840   0x08043840   0x00000068   Data   RO          168    .conststring        mloop.o
    0x080438a8   0x080438a8   0x0000004c   Data   RO          275    .conststring        real_time.o
    0x080438f4   0x080438f4   0x0000005f   Data   RO          398    .conststring        font20_mapple_bold.o
    0x08043953   0x08043953   0x00000001   PAD
    0x08043954   0x08043954   0x0000000b   Data   RO          412    .conststring        font24_mapple_bold.o
    0x0804395f   0x0804395f   0x00000001   PAD
    0x08043960   0x08043960   0x00000027   Data   RO          426    .conststring        font32_mapple_bold.o
    0x08043987   0x08043987   0x00000001   PAD
    0x08043988   0x08043988   0x0000000f   Data   RO          440    .conststring        font54_mapple_bold.o
    0x08043997   0x08043997   0x00000001   PAD
    0x08043998   0x08043998   0x0000000e   Data   RO          468    .conststring        font76_mapple_extrabold.o
    0x080439a6   0x080439a6   0x00000002   PAD
    0x080439a8   0x080439a8   0x00000011   Data   RO          482    .conststring        font64_mapple_extrabold.o
    0x080439b9   0x080439b9   0x00000003   PAD
    0x080439bc   0x080439bc   0x00000005   Data   RO          697    .conststring        wifi_page.o
    0x080439c1   0x080439c1   0x00000003   PAD
    0x080439c4   0x080439c4   0x00000023   Data   RO          798    .conststring        esp_at.o
    0x080439e7   0x080439e7   0x00000001   PAD
    0x080439e8   0x080439e8   0x00000020   Data   RO         6710    Region$$Table       anon$$obj.o


    Execution Region RW_IRAM1 (Exec base: 0x20000000, Load base: 0x08043a08, Size: 0x00000930, Max: 0x00020000, ABSOLUTE)

    Exec Addr    Load Addr    Size         Type   Attr      Idx    E Section Name        Object

    0x20000000   0x08043a08   0x00000024   Data   RW          169    .data               mloop.o
    0x20000024   0x08043a2c   0x00000004   Data   RW          698    .data               wifi_page.o
    0x20000028   0x08043a30   0x0000000c   Data   RW          917    .data               cpu_tick.o
    0x20000034   0x08043a3c   0x00000004   Data   RW         1085    .data               console.o
    0x20000038   0x08043a40   0x00000014   Data   RW         1302    .data               system_stm32f4xx.o
    0x2000004c   0x08043a54   0x00000010   Data   RW         4194    .data               stm32f4xx_rcc.o
    0x2000005c   0x08043a64   0x00000004   Data   RW         6656    .data               mc_w.l(stdout.o)
    0x20000060   0x08043a68   0x00000004   Data   RW         6666    .data               mc_w.l(errno.o)
    0x20000064        -       0x000000b8   Zero   RW          167    .bss                mloop.o
    0x2000011c        -       0x00000400   Zero   RW          796    .bss                esp_at.o
    0x2000051c        -       0x00000010   Zero   RW         1246    .bss                dht11.o
    0x2000052c   0x08043a6c   0x00000004   PAD
    0x20000530        -       0x00000400   Zero   RW         1289    STACK               startup_stm32f40_41xxx.o


==============================================================================

Image component sizes


      Code (inc. data)   RO Data    RW Data    ZI Data      Debug   Object Name

       192         58          0          0          0       4569   board.o
       260         16          0          4          0       1566   console.o
       356         46          0         12          0       4849   cpu_tick.o
       468         28          0          0         16       4184   dht11.o
       104         10          0          0          0       1213   error_page.o
      1284        262         67          0       1024      13328   esp_at.o
         0          0       1536          0          0       1657   font16_mapple.o
         0          0       5687          0          0       1705   font20_mapple_bold.o
         0          0       4835          0          0       1705   font24_mapple_bold.o
         0          0       7503          0          0       1705   font32_mapple_bold.o
         0          0       3055          0          0       1669   font54_mapple_bold.o
         0          0       4129          0          0       1681   font64_mapple_extrabold.o
         0          0       4970          0          0       1681   font76_mapple_extrabold.o
         0          0       5840          0          0       1710   icon_duoyun.o
         0          0       5840          0          0       1729   icon_leizhenyu.o
         0          0       5840          0          0       1690   icon_na.o
         0          0       5840          0          0       1704   icon_qing.o
         0          0       2152          0          0       1715   icon_wenduji.o
         0          0       1160          0          0       1704   icon_wifi.o
         0          0       5840          0          0       1715   icon_yintian.o
         0          0       5840          0          0       1724   icon_yueliang.o
         0          0       5840          0          0       1724   icon_zhongxue.o
         0          0       5840          0          0       1715   icon_zhongyu.o
         0          0      51208          0          0       1704   img_error.o
         0          0      64808          0          0       1709   img_meihua.o
         0          0      59048          0          0       1695   img_wifi.o
        36          0          0          0          0     296263   main.o
      1388        302         36          0          0       6511   main_page.o
       140         24          0          0          0       1763   misc.o
      1232        418        104         36        184       7033   mloop.o
       268         76        152          0          0       2825   real_time.o
       312          0          0          0          0       3561   rtc.o
      2308        140          0          0          0      13265   st7789.o
        36          8        392          0       1024        888   startup_stm32f40_41xxx.o
       272          0          0          0          0       5045   stm32f4xx_gpio.o
        12          6          0          0          0        562   stm32f4xx_pwr.o
       508         60          0         16          0       7418   stm32f4xx_rcc.o
      1006         60          0          0          0      10309   stm32f4xx_rtc.o
       130          0          0          0          0       3785   stm32f4xx_spi.o
       396          8          0          0          0       6230   stm32f4xx_usart.o
       340         32          0         20          0       2117   system_stm32f4xx.o
       448        176          0          0          0       1787   weather.o
       148         48          0          0          0       2975   welcome_page.o
       632        410          0          0          0       1256   wifi.o
       176         38          5          4          0       1196   wifi_page.o

    ----------------------------------------------------------------------
     12468       2226     257612         92       2252     438539   Object Totals
         0          0         32          0          0          0   (incl. Generated)
        16          0         13          0          4          0   (incl. Padding)

    ----------------------------------------------------------------------

      Code (inc. data)   RO Data    RW Data    ZI Data      Debug   Library Member Name

        56         12          0          0          0        132   atof.o
        56          8          0          0          0         84   __0sscanf.o
        28          0          0          0          0         68   _chval.o
       816          6          0          0          0        112   _scanf.o
       332          0          0          0          0         96   _scanf_int.o
       224          0          0          0          0         96   _scanf_str.o
        64          0          0          0          0         84   _sgetc.o
        40          6         64          0          0         68   ctype_c.o
         0          0          0          0          0          0   entry.o
         0          0          0          0          0          0   entry10a.o
         0          0          0          0          0          0   entry11a.o
         4          0          0          0          0          0   entry12b.o
         8          4          0          0          0          0   entry2.o
         4          0          0          0          0          0   entry5.o
         0          0          0          0          0          0   entry7b.o
         0          0          0          0          0          0   entry8b.o
         8          4          0          0          0          0   entry9a.o
        24         12          0          4          0        136   errno.o
        30          0          0          0          0          0   handlers.o
        36          8          0          0          0         68   init.o
        10          0          0          0          0         68   isspace_c.o
         0          0          0          0          0          0   iusefp.o
        30          0          0          0          0         68   llshl.o
        36          0          0          0          0         68   llsshr.o
        32          0          0          0          0         68   llushr.o
        26          0          0          0          0         80   memcmp.o
        36          0          0          0          0         68   memcpya.o
        36          0          0          0          0        108   memseta.o
      2292         94          0          0          0        620   printfa.o
        40          8          0          0          0         84   scanf_char.o
       878         12          0          0          0        216   scanf_fp.o
         0          0          0          4          0          0   stdout.o
        28          0          0          0          0         76   strcmp.o
        14          0          0          0          0         68   strlen.o
        24          0          0          0          0         76   strncpy.o
        36          0          0          0          0         80   strstr.o
       156         12          0          0          0        120   strtod.o
        44          0          0          0          0         80   uidiv.o
        98          0          0          0          0         92   uldiv.o
        48          0          0          0          0         68   cdrcmple.o
        56          0          0          0          0         88   d2f.o
       334          0          0          0          0        148   dadd.o
       222          0          0          0          0        100   ddiv.o
       186          0          0          0          0        176   depilogue.o
        48          0          0          0          0         68   dfixul.o
        24          0          0          0          0         76   dfltul.o
       228          0          0          0          0         96   dmul.o
        38          0          0          0          0         68   f2d.o
       110          0          0          0          0        168   fepilogue.o

    ----------------------------------------------------------------------
      6856        190         64          8          0       4040   Library Totals
        16          4          0          0          0          0   (incl. Padding)

    ----------------------------------------------------------------------

      Code (inc. data)   RO Data    RW Data    ZI Data      Debug   Library Name

        56         12          0          0          0        132   m_wm.l
      5490        174         64          8          0       2852   mc_w.l
      1294          0          0          0          0       1056   mf_w.l

    ----------------------------------------------------------------------
      6856        190         64          8          0       4040   Library Totals

    ----------------------------------------------------------------------

==============================================================================


      Code (inc. data)   RO Data    RW Data    ZI Data      Debug   

     19324       2416     257676        100       2252     428303   Grand Totals
     19324       2416     257676        100       2252     428303   ELF Image Totals
     19324       2416     257676        100          0          0   ROM Totals

==============================================================================

    Total RO  Size (Code + RO Data)               277000 ( 270.51kB)
    Total RW  Size (RW Data + ZI Data)              2352 (   2.30kB)
    Total ROM Size (Code + RO Data + RW Data)     277100 ( 270.61kB)

==============================================================================

