<html>
<body>
<pre>
<h1>µVision Build Log</h1>
<h2>Tool Versions:</h2>
IDE-Version: ¦ÌVision V5.37.0.0
Copyright (C) 2022 ARM Ltd and ARM Germany GmbH. All rights reserved.
License Information: 1 DELL, 2, LIC=BL28G-VJALW-ZENH2-9W8CY-YJSCF-SJ6IZ
 
Tool Versions:
Toolchain:       MDK-ARM Professional  Version: 5.37.0.0
Toolchain Path:  E:\Keil5\Core\ARM\ARMCC\Bin
C Compiler:      Armcc.exe V5.06 update 7 (build 960)
Assembler:       Armasm.exe V5.06 update 7 (build 960)
Linker/Locator:  ArmLink.exe V5.06 update 7 (build 960)
Library Manager: ArmAr.exe V5.06 update 7 (build 960)
Hex Converter:   FromElf.exe V5.06 update 7 (build 960)
CPU DLL:         SARMCM3.DLL V5.37.0.0
Dialog DLL:      DCM.DLL V1.17.5.0
Target DLL:      STLink\ST-LINKIII-KEIL_SWO.dll V3.0.9.0
Dialog DLL:      TCM.DLL V1.56.1.0
 
<h2>Project:</h2>
E:\C_MCU\stm32MCU\meihua\project\stm32F4_template_ WeatherClock\mdk\stm32F407.uvprojx
Project File Date:  02/12/2026

<h2>Output:</h2>
*** Using Compiler 'V5.06 update 7 (build 960)', folder: 'E:\Keil5\Core\ARM\ARMCC\Bin'
Build target 'Stm32F407'
compiling font24_mapple_bold.c...
compiling real_time.c...
compiling font20_mapple_bold.c...
compiling weather.c...
compiling font54_mapple_bold.c...
compiling font16_mapple.c...
compiling font32_mapple_bold.c...
compiling font54_mapple_semibold.c...
compiling font64_mapple_extrabold.c...
compiling font76_mapple_extrabold.c...
compiling icon_na.c...
compiling img_error.c...
compiling img_wifi.c...
compiling img_meihua.c...
compiling icon_duoyun.c...
compiling icon_leizhenyu.c...
compiling icon_qing.c...
compiling icon_wenduji.c...
compiling icon_wifi.c...
compiling icon_yintian.c...
compiling icon_yueliang.c...
compiling icon_zhongxue.c...
compiling icon_zhongyu.c...
compiling error_page.c...
compiling welcome_page.c...
compiling main.c...
compiling wifi_page.c...
compiling board.c...
compiling mloop.c...
..\app\mloop.c(200): warning:  #177-D: function "inner_update"  was declared but never referenced
  static void inner_update(void){
..\app\mloop.c: 1 warning, 0 errors
compiling wifi.c...
compiling main_page.c...
assembling startup_stm32f40_41xxx.s...
compiling cpu_tick.c...
compiling rtc.c...
..\driver\rtc\rtc.c(112): warning:  #1-D: last line of file ends without a newline
  	
..\driver\rtc\rtc.c: 1 warning, 0 errors
compiling dht11.c...
compiling console.c...
compiling system_stm32f4xx.c...
compiling aht20.c...
compiling esp_at.c...
compiling misc.c...
compiling stm32f4xx_adc.c...
compiling stm32f4xx_can.c...
compiling st7789.c...
compiling stm32f4xx_cec.c...
compiling stm32f4xx_crc.c...
compiling stm32f4xx_dbgmcu.c...
compiling stm32f4xx_cryp_des.c...
compiling stm32f4xx_cryp_tdes.c...
compiling stm32f4xx_dcmi.c...
compiling stm32f4xx_dfsdm.c...
compiling stm32f4xx_cryp.c...
compiling stm32f4xx_dac.c...
compiling stm32f4xx_dma.c...
compiling stm32f4xx_cryp_aes.c...
compiling stm32f4xx_exti.c...
compiling stm32f4xx_dsi.c...
compiling stm32f4xx_flash_ramfunc.c...
compiling stm32f4xx_fmpi2c.c...
compiling stm32f4xx_dma2d.c...
compiling stm32f4xx_flash.c...
compiling stm32f4xx_gpio.c...
compiling stm32f4xx_fsmc.c...
compiling stm32f4xx_hash_sha1.c...
compiling stm32f4xx_hash.c...
compiling stm32f4xx_hash_md5.c...
compiling stm32f4xx_iwdg.c...
compiling stm32f4xx_i2c.c...
compiling stm32f4xx_lptim.c...
compiling stm32f4xx_rng.c...
compiling stm32f4xx_sai.c...
compiling stm32f4xx_sdio.c...
compiling stm32f4xx_pwr.c...
compiling stm32f4xx_qspi.c...
compiling stm32f4xx_ltdc.c...
compiling stm32f4xx_rcc.c...
compiling stm32f4xx_rtc.c...
compiling stm32f4xx_spdifrx.c...
compiling stm32f4xx_syscfg.c...
compiling stm32f4xx_spi.c...
compiling stm32f4xx_wwdg.c...
compiling stm32f4xx_usart.c...
compiling stm32f4xx_tim.c...
linking...
Program Size: Code=19324 RO-data=257676 RW-data=100 ZI-data=2252  
FromELF: creating hex file...
After Build - User command #1: fromelf --bin -o "E:\C_MCU\stm32MCU\meihua\project\stm32F4_template_ WeatherClock\mdk\Objects\stm32F407.bin" "E:\C_MCU\stm32MCU\meihua\project\stm32F4_template_ WeatherClock\mdk\Objects\stm32F407.axf
".\Objects\stm32F407.axf" - 0 Error(s), 2 Warning(s).

<h2>Software Packages used:</h2>

Package Vendor: Keil
                https://www.keil.com/pack/Keil.STM32F4xx_DFP.3.1.1.pack
                Keil.STM32F4xx_DFP.3.1.1
                STMicroelectronics STM32F4 Series Device Support

<h2>Collection of Component include folders:</h2>

<h2>Collection of Component Files used:</h2>
Build Time Elapsed:  00:00:12
</pre>
</body>
</html>
