<html>
<body>
<pre>
<h1>µVision Build Log</h1>
<h2>Tool Versions:</h2>
IDE-Version: ¦ÌVision V5.37.0.0
Copyright (C) 2022 ARM Ltd and ARM Germany GmbH. All rights reserved.
License Information: 1 DELL, 2, LIC=BL28G-VJALW-ZENH2-9W8CY-YJSCF-SJ6IZ
 
Tool Versions:
Toolchain:       MDK-ARM Professional  Version: 5.37.0.0
Toolchain Path:  E:\Keil5\Core\ARM\ARMCC\Bin
C Compiler:      Armcc.exe V5.06 update 7 (build 960)
Assembler:       Armasm.exe V5.06 update 7 (build 960)
Linker/Locator:  ArmLink.exe V5.06 update 7 (build 960)
Library Manager: ArmAr.exe V5.06 update 7 (build 960)
Hex Converter:   FromElf.exe V5.06 update 7 (build 960)
CPU DLL:         SARMCM3.DLL V5.37.0.0
Dialog DLL:      DCM.DLL V1.17.5.0
Target DLL:      STLink\ST-LINKIII-KEIL_SWO.dll V3.0.9.0
Dialog DLL:      TCM.DLL V1.56.1.0
 
<h2>Project:</h2>
E:\C_MCU\stm32MCU\meihua\project\jinjie-1\stm32F4_ WeatherClock_rtos_easy_yibu\mdk\stm32F407.uvprojx
Project File Date:  02/23/2026

<h2>Output:</h2>
*** Using Compiler 'V5.06 update 7 (build 960)', folder: 'E:\Keil5\Core\ARM\ARMCC\Bin'
Build target 'Stm32F407'
compiling dht11.c...
linking...
Program Size: Code=36944 RO-data=258044 RW-data=312 ZI-data=110024  
After Build - User command #1: fromelf --bin -o "E:\C_MCU\stm32MCU\meihua\project\jinjie-1\stm32F4_ WeatherClock_rtos_easy_yibu\mdk\Objects\stm32F407.bin" "E:\C_MCU\stm32MCU\meihua\project\jinjie-1\stm32F4_ WeatherClock_rtos_easy_yibu\mdk\Objects\stm32F407.axf
".\Objects\stm32F407.axf" - 0 Error(s), 0 Warning(s).

<h2>Software Packages used:</h2>

Package Vendor: Keil
                https://www.keil.com/pack/Keil.STM32F4xx_DFP.3.1.1.pack
                Keil.STM32F4xx_DFP.3.1.1
                STMicroelectronics STM32F4 Series Device Support

<h2>Collection of Component include folders:</h2>

<h2>Collection of Component Files used:</h2>
Build Time Elapsed:  00:00:02
</pre>
</body>
</html>
